Component: ARM Compiler 5.06 update 6 (build 750) Tool: armlink [4d35ed]

==============================================================================

Section Cross References

    startup_stm32l476xx.o(RESET) refers to startup_stm32l476xx.o(STACK) for __initial_sp
    startup_stm32l476xx.o(RESET) refers to startup_stm32l476xx.o(.text) for Reset_Handler
    startup_stm32l476xx.o(RESET) refers to stm32l4xx_it.o(i.NMI_Handler) for NMI_Handler
    startup_stm32l476xx.o(RESET) refers to stm32l4xx_it.o(i.HardFault_Handler) for HardFault_Handler
    startup_stm32l476xx.o(RESET) refers to stm32l4xx_it.o(i.MemManage_Handler) for MemManage_Handler
    startup_stm32l476xx.o(RESET) refers to stm32l4xx_it.o(i.BusFault_Handler) for BusFault_Handler
    startup_stm32l476xx.o(RESET) refers to stm32l4xx_it.o(i.UsageFault_Handler) for UsageFault_Handler
    startup_stm32l476xx.o(RESET) refers to stm32l4xx_it.o(i.SVC_Handler) for SVC_Handler
    startup_stm32l476xx.o(RESET) refers to stm32l4xx_it.o(i.DebugMon_Handler) for DebugMon_Handler
    startup_stm32l476xx.o(RESET) refers to stm32l4xx_it.o(i.PendSV_Handler) for PendSV_Handler
    startup_stm32l476xx.o(RESET) refers to stm32l4xx_it.o(i.SysTick_Handler) for SysTick_Handler
    startup_stm32l476xx.o(RESET) refers to stm32l4xx_it.o(i.USART3_IRQHandler) for USART3_IRQHandler
    startup_stm32l476xx.o(RESET) refers to stm32l4xx_it.o(i.UART4_IRQHandler) for UART4_IRQHandler
    startup_stm32l476xx.o(.text) refers to system_stm32l4xx.o(i.SystemInit) for SystemInit
    startup_stm32l476xx.o(.text) refers to entry.o(.ARM.Collect$$$$00000000) for __main
    ec20.o(i.EC20Send_ChangeMode) refers to stm32l4xx_ll_utils.o(i.LL_mDelay) for LL_mDelay
    ec20.o(i.EC20Send_ChangeMode) refers to usart.o(i.printff) for printff
    ec20.o(i.EC20Send_ChangeMode) refers to user.o(i.UART4_CLR_RecvBuf) for UART4_CLR_RecvBuf
    ec20.o(i.EC20Send_ChangeMode) refers to strstr.o(.text) for strstr
    ec20.o(i.EC20Send_ChangeMode) refers to main.o(.bss) for UART4_ReceiveBuff
    ec20.o(i.EC20Send_ChangeMode) refers to ec20.o(.data) for .data
    ec20.o(i.EC20Send_RecAccessMode) refers to strstr.o(.text) for strstr
    ec20.o(i.EC20Send_RecAccessMode) refers to usart.o(i.printff) for printff
    ec20.o(i.EC20Send_RecAccessMode) refers to strlen.o(.text) for strlen
    ec20.o(i.EC20Send_RecAccessMode) refers to user.o(i.UART4_CLR_RecvBuf) for UART4_CLR_RecvBuf
    ec20.o(i.EC20Send_RecAccessMode) refers to ec20.o(i.EC20Send_ChangeMode) for EC20Send_ChangeMode
    ec20.o(i.EC20Send_RecAccessMode) refers to ec20.o(i.EC20_GetGps_Send) for EC20_GetGps_Send
    ec20.o(i.EC20Send_RecAccessMode) refers to ec20.o(i.Set_IP_Port_ByServer) for Set_IP_Port_ByServer
    ec20.o(i.EC20Send_RecAccessMode) refers to main.o(.bss) for UART4_ReceiveBuff
    ec20.o(i.EC20Send_RecAccessMode) refers to ec20.o(.data) for .data
    ec20.o(i.EC20Send_RecAccessMode) refers to ec20.o(.bss) for .bss
    ec20.o(i.EC20Send_StrData) refers to usart.o(i.printff) for printff
    ec20.o(i.EC20Send_StrData) refers to stm32l4xx_ll_utils.o(i.LL_mDelay) for LL_mDelay
    ec20.o(i.EC20Send_StrData) refers to strlen.o(.text) for strlen
    ec20.o(i.EC20Send_StrData) refers to strstr.o(.text) for strstr
    ec20.o(i.EC20Send_StrData) refers to user.o(i.UART4_CLR_RecvBuf) for UART4_CLR_RecvBuf
    ec20.o(i.EC20Send_StrData) refers to main.o(.bss) for UART4_ReceiveBuff
    ec20.o(i.EC20Send_StrData) refers to ec20.o(.data) for .data
    ec20.o(i.EC20_Change_Server_IP) refers to memseta.o(.text) for __aeabi_memclr4
    ec20.o(i.EC20_Change_Server_IP) refers to usart.o(i.printff) for printff
    ec20.o(i.EC20_Change_Server_IP) refers to strlen.o(.text) for strlen
    ec20.o(i.EC20_Change_Server_IP) refers to user.o(i.USART3_CLR_RecvBuf) for USART3_CLR_RecvBuf
    ec20.o(i.EC20_Change_Server_IP) refers to strstr.o(.text) for strstr
    ec20.o(i.EC20_Change_Server_IP) refers to stm32l4xx_ll_utils.o(i.LL_mDelay) for LL_mDelay
    ec20.o(i.EC20_Change_Server_IP) refers to main.o(.bss) for AT_QIOPEN
    ec20.o(i.EC20_Change_Server_IP) refers to ec20.o(.data) for .data
    ec20.o(i.EC20_Change_Server_IP) refers to main.o(.bss) for ReceiveBuff
    ec20.o(i.EC20_Change_Server_IP_ByServer) refers to memseta.o(.text) for __aeabi_memclr4
    ec20.o(i.EC20_Change_Server_IP_ByServer) refers to usart.o(i.printff) for printff
    ec20.o(i.EC20_Change_Server_IP_ByServer) refers to strlen.o(.text) for strlen
    ec20.o(i.EC20_Change_Server_IP_ByServer) refers to strstr.o(.text) for strstr
    ec20.o(i.EC20_Change_Server_IP_ByServer) refers to stm32l4xx_ll_utils.o(i.LL_mDelay) for LL_mDelay
    ec20.o(i.EC20_Change_Server_IP_ByServer) refers to main.o(.bss) for AT_QIOPEN
    ec20.o(i.EC20_Change_Server_IP_ByServer) refers to ec20.o(.data) for .data
    ec20.o(i.EC20_Change_Server_Port) refers to memseta.o(.text) for __aeabi_memclr4
    ec20.o(i.EC20_Change_Server_Port) refers to usart.o(i.printff) for printff
[...]
    _Error_Handler                           0x0800ca0b   Thumb Code     2  main.o(i._Error_Handler)
    _MLPrintLog                              0x0800ca0d   Thumb Code   152  logstm32.o(i._MLPrintLog)
    __0printf                                0x0800caa5   Thumb Code    22  printfa.o(i.__0printf)
    __1printf                                0x0800caa5   Thumb Code     0  printfa.o(i.__0printf)
    __2printf                                0x0800caa5   Thumb Code     0  printfa.o(i.__0printf)
    __c89printf                              0x0800caa5   Thumb Code     0  printfa.o(i.__0printf)
    printf                                   0x0800caa5   Thumb Code     0  printfa.o(i.__0printf)
    __0sprintf                               0x0800cac5   Thumb Code    34  printfa.o(i.__0sprintf)
    __1sprintf                               0x0800cac5   Thumb Code     0  printfa.o(i.__0sprintf)
    __2sprintf                               0x0800cac5   Thumb Code     0  printfa.o(i.__0sprintf)
    __c89sprintf                             0x0800cac5   Thumb Code     0  printfa.o(i.__0sprintf)
    sprintf                                  0x0800cac5   Thumb Code     0  printfa.o(i.__0sprintf)
    __0vsprintf                              0x0800caed   Thumb Code    30  printfa.o(i.__0vsprintf)
    __1vsprintf                              0x0800caed   Thumb Code     0  printfa.o(i.__0vsprintf)
    __2vsprintf                              0x0800caed   Thumb Code     0  printfa.o(i.__0vsprintf)
    __c89vsprintf                            0x0800caed   Thumb Code     0  printfa.o(i.__0vsprintf)
    vsprintf                                 0x0800caed   Thumb Code     0  printfa.o(i.__0vsprintf)
    __ARM_fpclassify                         0x0800cb11   Thumb Code    48  fpclassify.o(i.__ARM_fpclassify)
    __ARM_fpclassifyf                        0x0800cb41   Thumb Code    38  fpclassifyf.o(i.__ARM_fpclassifyf)
    __aeabi_errno_addr                       0x0800cb69   Thumb Code     4  errno.o(i.__aeabi_errno_addr)
    __rt_errno_addr                          0x0800cb69   Thumb Code     0  errno.o(i.__aeabi_errno_addr)
    __hardfp_acosf                           0x0800cb71   Thumb Code   234  acosf.o(i.__hardfp_acosf)
    __hardfp_asin                            0x0800cc89   Thumb Code   770  asin.o(i.__hardfp_asin)
    __hardfp_atan                            0x0800d011   Thumb Code   622  atan.o(i.__hardfp_atan)
    __hardfp_atan2                           0x0800d2e9   Thumb Code   432  atan2.o(i.__hardfp_atan2)
    __hardfp_atan2f                          0x0800d4d9   Thumb Code   502  atan2f.o(i.__hardfp_atan2f)
    __hardfp_cos                             0x0800d729   Thumb Code   180  cos.o(i.__hardfp_cos)
    __hardfp_cosf                            0x0800d7f1   Thumb Code   280  cosf.o(i.__hardfp_cosf)
    __hardfp_fabs                            0x0800d941   Thumb Code    20  fabs.o(i.__hardfp_fabs)
    __hardfp_log                             0x0800d959   Thumb Code   872  log.o(i.__hardfp_log)
    __hardfp_sinf                            0x0800dd41   Thumb Code   344  sinf.o(i.__hardfp_sinf)
    __hardfp_sqrt                            0x0800ded1   Thumb Code   122  sqrt.o(i.__hardfp_sqrt)
    __hardfp_sqrtf                           0x0800df4b   Thumb Code    58  sqrtf.o(i.__hardfp_sqrtf)
    __ieee754_rem_pio2                       0x0800df89   Thumb Code   938  rred.o(i.__ieee754_rem_pio2)
    __kernel_cos                             0x0800e3c9   Thumb Code   322  cos_i.o(i.__kernel_cos)
    __kernel_poly                            0x0800e539   Thumb Code   248  poly.o(i.__kernel_poly)
    __kernel_sin                             0x0800e631   Thumb Code   280  sin_i.o(i.__kernel_sin)
    __mathlib_dbl_divzero                    0x0800e779   Thumb Code    28  dunder.o(i.__mathlib_dbl_divzero)
    __mathlib_dbl_infnan                     0x0800e7a9   Thumb Code    20  dunder.o(i.__mathlib_dbl_infnan)
    __mathlib_dbl_infnan2                    0x0800e7bd   Thumb Code    20  dunder.o(i.__mathlib_dbl_infnan2)
    __mathlib_dbl_invalid                    0x0800e7d1   Thumb Code    24  dunder.o(i.__mathlib_dbl_invalid)
    __mathlib_dbl_underflow                  0x0800e7f1   Thumb Code    24  dunder.o(i.__mathlib_dbl_underflow)
    __mathlib_flt_infnan                     0x0800e811   Thumb Code     6  funder.o(i.__mathlib_flt_infnan)
    __mathlib_flt_infnan2                    0x0800e817   Thumb Code     6  funder.o(i.__mathlib_flt_infnan2)
    __mathlib_flt_invalid                    0x0800e81d   Thumb Code    10  funder.o(i.__mathlib_flt_invalid)
    __mathlib_flt_underflow                  0x0800e82d   Thumb Code    10  funder.o(i.__mathlib_flt_underflow)
    __mathlib_rredf2                         0x0800e83d   Thumb Code   316  rredf.o(i.__mathlib_rredf2)
    __scatterload_copy                       0x0800e9c1   Thumb Code    14  handlers.o(i.__scatterload_copy)
    __scatterload_null                       0x0800e9cf   Thumb Code     2  handlers.o(i.__scatterload_null)
    __scatterload_zeroinit                   0x0800e9d1   Thumb Code    14  handlers.o(i.__scatterload_zeroinit)
    __set_errno                              0x0800e9e1   Thumb Code     6  errno.o(i.__set_errno)
    atan                                     0x0800f75b   Thumb Code    16  atan.o(i.atan)
    bmp280_compensate_pressure_float         0x0800f76d   Thumb Code   312  bmp280_arm.o(i.bmp280_compensate_pressure_float)
    bmp280_compensate_pressure_int32         0x0800f8d1   Thumb Code   156  bmp280.o(i.bmp280_compensate_pressure_int32)
    bmp280_compensate_pressure_int64         0x0800f975   Thumb Code   346  bmp280.o(i.bmp280_compensate_pressure_int64)
    bmp280_compensate_temperature_float      0x0800fae1   Thumb Code   126  bmp280_arm.o(i.bmp280_compensate_temperature_float)
    bmp280_compensate_temperature_int32      0x0800fb79   Thumb Code    52  bmp280.o(i.bmp280_compensate_temperature_int32)
    bmp280_get_calib_param                   0x0800fbb1   Thumb Code   198  bmp280.o(i.bmp280_get_calib_param)
    bmp280_init                              0x0800fc7d   Thumb Code    84  bmp280.o(i.bmp280_init)
    bmp280_read_uncomp_pressure              0x0800fcd5   Thumb Code    60  bmp280.o(i.bmp280_read_uncomp_pressure)
    bmp280_read_uncomp_temperature           0x0800fd15   Thumb Code    60  bmp280.o(i.bmp280_read_uncomp_temperature)
    bmp280_set_filter                        0x0800fd55   Thumb Code    70  bmp280.o(i.bmp280_set_filter)
    bmp280_set_power_mode                    0x0800fda1   Thumb Code    60  bmp280.o(i.bmp280_set_power_mode)
    bmp280_set_standby_durn                  0x0800fde1   Thumb Code    70  bmp280.o(i.bmp280_set_standby_durn)
    bmp280_set_work_mode                     0x0800fe2d   Thumb Code   146  bmp280.o(i.bmp280_set_work_mode)
    delay_ms                                 0x0800ff59   Thumb Code    26  delay.o(i.delay_ms)
    delay_us                                 0x0800ff75   Thumb Code    48  delay.o(i.delay_us)
    dmp_enable_6x_lp_quat                    0x0800ffa9   Thumb Code    58  invmpudmpmotiondriver.o(i.dmp_enable_6x_lp_quat)
    dmp_enable_feature                       0x0800ffe5   Thumb Code   464  invmpudmpmotiondriver.o(i.dmp_enable_feature)
    dmp_enable_gyro_cal                      0x080101bd   Thumb Code    34  invmpudmpmotiondriver.o(i.dmp_enable_gyro_cal)
    dmp_enable_lp_quat                       0x080101f9   Thumb Code    58  invmpudmpmotiondriver.o(i.dmp_enable_lp_quat)
    dmp_load_motion_driver_firmware          0x08010235   Thumb Code    16  invmpudmpmotiondriver.o(i.dmp_load_motion_driver_firmware)
    dmp_read_fifo                            0x08010249   Thumb Code   338  invmpudmpmotiondriver.o(i.dmp_read_fifo)
    dmp_set_accel_bias                       0x080103ad   Thumb Code   210  invmpudmpmotiondriver.o(i.dmp_set_accel_bias)
    dmp_set_fifo_rate                        0x08010485   Thumb Code    82  invmpudmpmotiondriver.o(i.dmp_set_fifo_rate)
    dmp_set_gyro_bias                        0x080104e9   Thumb Code   196  invmpudmpmotiondriver.o(i.dmp_set_gyro_bias)
    dmp_set_orientation                      0x080105b5   Thumb Code   246  invmpudmpmotiondriver.o(i.dmp_set_orientation)
    dmp_set_shake_reject_thresh              0x080106c1   Thumb Code    48  invmpudmpmotiondriver.o(i.dmp_set_shake_reject_thresh)
    dmp_set_shake_reject_time                0x080106f1   Thumb Code    32  invmpudmpmotiondriver.o(i.dmp_set_shake_reject_time)
    dmp_set_shake_reject_timeout             0x08010711   Thumb Code    32  invmpudmpmotiondriver.o(i.dmp_set_shake_reject_timeout)
    dmp_set_tap_axes                         0x08010731   Thumb Code    64  invmpudmpmotiondriver.o(i.dmp_set_tap_axes)
    dmp_set_tap_count                        0x08010771   Thumb Code    34  invmpudmpmotiondriver.o(i.dmp_set_tap_count)
    dmp_set_tap_thresh                       0x08010795   Thumb Code   314  invmpudmpmotiondriver.o(i.dmp_set_tap_thresh)
    dmp_set_tap_time                         0x080108f5   Thumb Code    32  invmpudmpmotiondriver.o(i.dmp_set_tap_time)
    dmp_set_tap_time_multi                   0x08010915   Thumb Code    32  invmpudmpmotiondriver.o(i.dmp_set_tap_time_multi)
    fabs                                     0x08010935   Thumb Code    24  fabs.o(i.fabs)
    fputc                                    0x0801094d   Thumb Code    24  main.o(i.fputc)
    inv_apply_calibration                    0x0801124f   Thumb Code   106  databuilder.o(i.inv_apply_calibration)
    inv_compass_angle                        0x080112b9   Thumb Code   162  mlmathfunc.o(i.inv_compass_angle)
    inv_convert_to_body_with_scale           0x08011365   Thumb Code    92  mlmathfunc.o(i.inv_convert_to_body_with_scale)
    inv_enable_eMPL_outputs                  0x08011411   Thumb Code    20  emploutputs.o(i.inv_enable_eMPL_outputs)
    inv_enable_results_holder                0x0801142d   Thumb Code    22  resultsholder.o(i.inv_enable_results_holder)
    inv_execute_mpl_start_notification       0x08011449   Thumb Code    38  startmanager.o(i.inv_execute_mpl_start_notification)
    inv_generate_results                     0x08011521   Thumb Code    10  resultsholder.o(i.inv_generate_results)
    inv_get_6axis_quaternion                 0x08011531   Thumb Code    14  resultsholder.o(i.inv_get_6axis_quaternion)
    inv_get_acc_state                        0x08011545   Thumb Code     6  resultsholder.o(i.inv_get_acc_state)
    inv_get_accel_accuracy                   0x08011551   Thumb Code     8  databuilder.o(i.inv_get_accel_accuracy)
    inv_get_accel_on                         0x0801155d   Thumb Code    12  databuilder.o(i.inv_get_accel_on)
    inv_get_accel_set                        0x0801156d   Thumb Code    38  databuilder.o(i.inv_get_accel_set)
    inv_get_compass_bias                     0x08011599   Thumb Code    14  databuilder.o(i.inv_get_compass_bias)
    inv_get_compass_correction               0x080115ad   Thumb Code    24  resultsholder.o(i.inv_get_compass_correction)
    inv_get_compass_on                       0x080115c9   Thumb Code    12  databuilder.o(i.inv_get_compass_on)
    inv_get_compass_state                    0x080115d9   Thumb Code     8  resultsholder.o(i.inv_get_compass_state)
    inv_get_gravity                          0x080115e5   Thumb Code    80  resultsholder.o(i.inv_get_gravity)
    inv_get_gyro                             0x08011639   Thumb Code    10  databuilder.o(i.inv_get_gyro)
    inv_get_gyro_accuracy                    0x08011649   Thumb Code     6  databuilder.o(i.inv_get_gyro_accuracy)
    inv_get_gyro_bias                        0x08011655   Thumb Code    26  databuilder.o(i.inv_get_gyro_bias)
    inv_get_gyro_bias_tc_set                 0x08011679   Thumb Code    20  databuilder.o(i.inv_get_gyro_bias_tc_set)
    inv_get_gyro_on                          0x08011691   Thumb Code    10  databuilder.o(i.inv_get_gyro_on)
    inv_get_gyro_sum_of_sqr                  0x080116a1   Thumb Code    26  mlmathfunc.o(i.inv_get_gyro_sum_of_sqr)
    inv_get_large_mag_field                  0x080116bd   Thumb Code     6  resultsholder.o(i.inv_get_large_mag_field)
    inv_get_last_timestamp                   0x080116c9   Thumb Code    94  databuilder.o(i.inv_get_last_timestamp)
    inv_get_linear_accel                     0x0801172d   Thumb Code    58  resultsholder.o(i.inv_get_linear_accel)
    inv_get_linear_accel_float               0x08011769   Thumb Code    64  resultsholder.o(i.inv_get_linear_accel_float)
    inv_get_local_field                      0x080117ad   Thumb Code    10  resultsholder.o(i.inv_get_local_field)
    inv_get_mag_accuracy                     0x080117bd   Thumb Code    20  databuilder.o(i.inv_get_mag_accuracy)
    inv_get_motion_state                     0x080117d9   Thumb Code    12  resultsholder.o(i.inv_get_motion_state)
    inv_get_quaternion                       0x080117e9   Thumb Code    52  resultsholder.o(i.inv_get_quaternion)
    inv_get_quaternion_set                   0x08011821   Thumb Code    58  resultsholder.o(i.inv_get_quaternion_set)
    inv_get_sensor_type_gravity              0x0801185d   Thumb Code    92  haloutputs.o(i.inv_get_sensor_type_gravity)
    inv_got_compass_bias                     0x080118c1   Thumb Code     6  resultsholder.o(i.inv_got_compass_bias)
    inv_init_data_builder                    0x080118cd   Thumb Code    44  databuilder.o(i.inv_init_data_builder)
    inv_init_mpl                             0x08011909   Thumb Code    94  mpl.o(i.inv_init_mpl)
    inv_init_results_holder                  0x08011985   Thumb Code    40  resultsholder.o(i.inv_init_results_holder)
    inv_init_start_manager                   0x080119b5   Thumb Code    14  startmanager.o(i.inv_init_start_manager)
    inv_init_storage_manager                 0x080119c9   Thumb Code    20  storagemanager.o(i.inv_init_storage_manager)
    inv_orientation_matrix_to_scalar         0x080119e1   Thumb Code    34  mlmathfunc.o(i.inv_orientation_matrix_to_scalar)
    inv_q29_mult                             0x08011a03   Thumb Code    12  mlmathfunc.o(i.inv_q29_mult)
    inv_q30_mult                             0x08011a0f   Thumb Code    12  mlmathfunc.o(i.inv_q30_mult)
    inv_q_add                                0x08011a1b   Thumb Code    36  mlmathfunc.o(i.inv_q_add)
    inv_q_addf                               0x08011a3f   Thumb Code    66  mlmathfunc.o(i.inv_q_addf)
    inv_q_invert                             0x08011a81   Thumb Code    24  mlmathfunc.o(i.inv_q_invert)
    inv_q_invertf                            0x08011a99   Thumb Code    46  mlmathfunc.o(i.inv_q_invertf)
    inv_q_mult                               0x08011ac7   Thumb Code   176  mlmathfunc.o(i.inv_q_mult)
    inv_q_multf                              0x08011b77   Thumb Code   210  mlmathfunc.o(i.inv_q_multf)
    inv_q_norm4                              0x08011c49   Thumb Code   126  mlmathfunc.o(i.inv_q_norm4)
    inv_q_normalizef                         0x08011ccd   Thumb Code   170  mlmathfunc.o(i.inv_q_normalizef)
    inv_q_rotate                             0x08011d7d   Thumb Code    62  mlmathfunc.o(i.inv_q_rotate)
    inv_quaternion_to_rotation               0x08011dbb   Thumb Code   218  mlmathfunc.o(i.inv_quaternion_to_rotation)
    inv_register_data_cb                     0x08011e95   Thumb Code   150  databuilder.o(i.inv_register_data_cb)
    inv_register_load_store                  0x08011f39   Thumb Code   102  storagemanager.o(i.inv_register_load_store)
    inv_register_mpl_start_notification      0x08011fa5   Thumb Code    28  startmanager.o(i.inv_register_mpl_start_notification)
    inv_reset_compass_soft_iron_matrix       0x08011fc5   Thumb Code    70  databuilder.o(i.inv_reset_compass_soft_iron_matrix)
    inv_set_accel_accuracy                   0x08012061   Thumb Code    24  databuilder.o(i.inv_set_accel_accuracy)
    inv_set_accel_bias_found                 0x0801207d   Thumb Code     6  resultsholder.o(i.inv_set_accel_bias_found)
    inv_set_accel_bias_mask                  0x08012089   Thumb Code    74  databuilder.o(i.inv_set_accel_bias_mask)
    inv_set_accel_orientation_and_scale      0x080120dd   Thumb Code     8  databuilder.o(i.inv_set_accel_orientation_and_scale)
    inv_set_accel_sample_rate                0x080120e9   Thumb Code    34  databuilder.o(i.inv_set_accel_sample_rate)
    inv_set_compass_bias                     0x08012115   Thumb Code    68  databuilder.o(i.inv_set_compass_bias)
    inv_set_compass_bias_error               0x0801215d   Thumb Code    10  resultsholder.o(i.inv_set_compass_bias_error)
    inv_set_compass_bias_found               0x0801216d   Thumb Code     6  resultsholder.o(i.inv_set_compass_bias_found)
    inv_set_compass_correction               0x08012179   Thumb Code    32  resultsholder.o(i.inv_set_compass_correction)
    inv_set_compass_disturbance              0x0801219d   Thumb Code     8  databuilder.o(i.inv_set_compass_disturbance)
    inv_set_compass_orientation_and_scale    0x080121a9   Thumb Code    12  databuilder.o(i.inv_set_compass_orientation_and_scale)
    inv_set_compass_sample_rate              0x080121b9   Thumb Code    34  databuilder.o(i.inv_set_compass_sample_rate)
    inv_set_compass_state                    0x080121e5   Thumb Code     8  resultsholder.o(i.inv_set_compass_state)
    inv_set_gyro_bias                        0x080121f1   Thumb Code    88  databuilder.o(i.inv_set_gyro_bias)
    inv_set_gyro_orientation_and_scale       0x0801224d   Thumb Code     8  databuilder.o(i.inv_set_gyro_orientation_and_scale)
    inv_set_gyro_sample_rate                 0x08012259   Thumb Code    30  databuilder.o(i.inv_set_gyro_sample_rate)
    inv_set_message                          0x08012281   Thumb Code    16  messagelayer.o(i.inv_set_message)
    inv_set_motion_state                     0x08012295   Thumb Code    48  resultsholder.o(i.inv_set_motion_state)
    inv_start_mpl                            0x080122d9   Thumb Code    34  mpl.o(i.inv_start_mpl)
    inv_start_results_holder                 0x08012319   Thumb Code    18  resultsholder.o(i.inv_start_results_holder)
    inv_store_gaming_quaternion              0x08012331   Thumb Code    28  resultsholder.o(i.inv_store_gaming_quaternion)
    inv_unregister_data_cb                   0x08012351   Thumb Code    72  databuilder.o(i.inv_unregister_data_cb)
    inv_unregister_mpl_start_notification    0x0801239d   Thumb Code    68  startmanager.o(i.inv_unregister_mpl_start_notification)
    main                                     0x080123e5   Thumb Code   398  main.o(i.main)
    mget_ms                                  0x0801265d   Thumb Code     2  invmpuu.o(i.mget_ms)
    mpu_configure_fifo                       0x08012661   Thumb Code    78  invmpuu.o(i.mpu_configure_fifo)
    mpu_dmp_get_data                         0x080126b5   Thumb Code   344  invmpuu.o(i.mpu_dmp_get_data)
    mpu_dmp_init                             0x08012825   Thumb Code   338  invmpuu.o(i.mpu_dmp_init)
    mpu_get_accel_fsr                        0x08012985   Thumb Code    54  invmpuu.o(i.mpu_get_accel_fsr)
    mpu_get_accel_sens                       0x080129c1   Thumb Code    62  invmpuu.o(i.mpu_get_accel_sens)
    mpu_get_gyro_fsr                         0x08012a05   Thumb Code    48  invmpuu.o(i.mpu_get_gyro_fsr)
    mpu_get_gyro_sens                        0x08012a39   Thumb Code    54  invmpuu.o(i.mpu_get_gyro_sens)
    mpu_get_lpf                              0x08012a85   Thumb Code    52  invmpuu.o(i.mpu_get_lpf)
    mpu_get_sample_rate                      0x08012abd   Thumb Code    22  invmpuu.o(i.mpu_get_sample_rate)
    mpu_init                                 0x08012ad9   Thumb Code   174  invmpuu.o(i.mpu_init)
    mpu_load_firmware                        0x08012b8d   Thumb Code   148  invmpuu.o(i.mpu_load_firmware)
    mpu_lp_accel_mode                        0x08012c2d   Thumb Code   168  invmpuu.o(i.mpu_lp_accel_mode)
    mpu_read_fifo_stream                     0x08012cd9   Thumb Code   130  invmpuu.o(i.mpu_read_fifo_stream)
    mpu_read_mem                             0x08012d61   Thumb Code    74  invmpuu.o(i.mpu_read_mem)
    mpu_reset_fifo                           0x08012db1   Thumb Code   210  invmpuu.o(i.mpu_reset_fifo)
    mpu_run_6500_self_test                   0x08012e89   Thumb Code   352  invmpuu.o(i.mpu_run_6500_self_test)
    mpu_set_accel_fsr                        0x0801310d   Thumb Code    78  invmpuu.o(i.mpu_set_accel_fsr)
    mpu_set_bypass                           0x08013161   Thumb Code   192  invmpuu.o(i.mpu_set_bypass)
    mpu_set_compass_sample_rate              0x08013225   Thumb Code    60  invmpuu.o(i.mpu_set_compass_sample_rate)
    mpu_set_dmp_state                        0x08013265   Thumb Code   106  invmpuu.o(i.mpu_set_dmp_state)
    mpu_set_gyro_fsr                         0x080132d5   Thumb Code    84  invmpuu.o(i.mpu_set_gyro_fsr)
    mpu_set_int_latched                      0x0801332d   Thumb Code    66  invmpuu.o(i.mpu_set_int_latched)
    mpu_set_lpf                              0x08013375   Thumb Code    84  invmpuu.o(i.mpu_set_lpf)
    mpu_set_sample_rate                      0x080133cd   Thumb Code   130  invmpuu.o(i.mpu_set_sample_rate)
    mpu_set_sensors                          0x08013455   Thumb Code   224  invmpuu.o(i.mpu_set_sensors)
    mpu_write_mem                            0x08013539   Thumb Code    74  invmpuu.o(i.mpu_write_mem)
    printff                                  0x08013589   Thumb Code    32  usart.o(i.printff)
    run_self_test                            0x080135a9   Thumb Code   138  invmpuu.o(i.run_self_test)
    sqrt                                     0x08013829   Thumb Code   110  sqrt.o(i.sqrt)
    sqrtf                                    0x08013897   Thumb Code    62  sqrtf.o(i.sqrtf)
    user_usartInit                           0x080138d5   Thumb Code    38  usart.o(i.user_usartInit)
    AHBPrescTable                            0x08013904   Data          16  system_stm32l4xx.o(.constdata)
    MSIRangeTable                            0x08013914   Data          48  system_stm32l4xx.o(.constdata)
    APBPrescTable                            0x08013944   Data           8  system_stm32l4xx.o(.constdata)
    ml_ver                                   0x08014542   Data          20  mpl.o(.constdata)
    reg                                      0x08014571   Data          42  invmpuu.o(.constdata)
    hw                                       0x0801459c   Data          14  invmpuu.o(.constdata)
    test                                     0x080145ac   Data          48  invmpuu.o(.constdata)
    __mathlib_zero                           0x08014930   Data           8  qnan.o(.constdata)
    __ctype_table                            0x08014a48   Data         129  ctype_o.o(.constdata)
    Region$$Table$$Base                      0x08014b20   Number         0  anon$$obj.o(Region$$Table)
    Region$$Table$$Limit                     0x08014b40   Number         0  anon$$obj.o(Region$$Table)
    gps_strx                                 0x20000000   Data           4  ec20.o(.data)
    gps_extstrx                              0x20000004   Data           4  ec20.o(.data)
    strx0                                    0x20000008   Data           4  ec20.o(.data)
    Re_strx                                  0x2000000c   Data           4  ec20.o(.data)
    UartReady                                0x20000014   Data           1  main.o(.data)
    altitude1                                0x20000018   Data           4  main.o(.data)
    IP_Default                               0x2000001c   Data         100  main.o(.data)
    AD_Value                                 0x20000080   Data           2  main.o(.data)
    Vbat                                     0x20000084   Data           4  main.o(.data)
    Receive_Count                            0x20000088   Data           4  main.o(.data)
    UART4_Receive_Count                      0x2000008c   Data           4  main.o(.data)
    pitch                                    0x20000090   Data           4  main.o(.data)
    roll                                     0x20000094   Data           4  main.o(.data)
    yaw                                      0x20000098   Data           4  main.o(.data)
    sstrx                                    0x2000009c   Data           4  user.o(.data)
    uwTick                                   0x200000a4   Data           4  stm32l4xx_hal.o(.data)
    SystemCoreClock                          0x200000a8   Data           4  system_stm32l4xx.o(.data)
    mpl_key                                  0x200000b0   Data           4  invmpuu.o(.data)
    __stdout                                 0x20000110   Data           4  stdout.o(.data)
    gspdata                                  0x20000118   Data         498  ec20.o(.bss)
    GSMinit                                  0x2000030c   Data          36  ec20.o(.bss)
    GSMdata                                  0x20000330   Data         189  ec20.o(.bss)
    bmp280                                   0x200003f0   Data          44  bmp280_arm.o(.bss)
    AT_QIOPEN                                0x20000420   Data         100  main.o(.bss)
    dmpdatas                                 0x20000484   Data          42  main.o(.bss)
    quartf                                   0x200004b0   Data          16  main.o(.bss)
    gyrof                                    0x200004c0   Data          12  main.o(.bss)
    accelf                                   0x200004cc   Data          12  main.o(.bss)
    yprf                                     0x200004d8   Data          12  main.o(.bss)
    hcrc                                     0x200004e4   Data          36  main.o(.bss)
    hqspi                                    0x20000508   Data          68  main.o(.bss)
    hspi1                                    0x2000054c   Data         100  main.o(.bss)
    hspi2                                    0x200005b0   Data         100  main.o(.bss)
    huart1                                   0x20000614   Data         120  main.o(.bss)
    huart2                                   0x2000068c   Data         120  main.o(.bss)
    huart3                                   0x20000704   Data         120  main.o(.bss)
    bmp_data                                 0x20000780   Data          56  main.o(.bss)
    VBAT                                     0x200007b8   Data          10  main.o(.bss)
    hdma_uart4_rx                            0x200007c4   Data          72  main.o(.bss)
    quatt                                    0x2000080c   Data          16  main.o(.bss)
    ReceiveBuff                              0x2000081c   Data         200  main.o(.bss)
    UART4_ReceiveBuff                        0x200008e4   Data         200  main.o(.bss)
    Pf                                       0x200009ac   Data          20  main.o(.bss)
    Tf                                       0x200009c0   Data          20  main.o(.bss)
    MMHG                                     0x200009d4   Data          20  main.o(.bss)
    HIGH                                     0x200009e8   Data          20  main.o(.bss)
    Pitch                                    0x200009fc   Data         100  main.o(.bss)
    Roll                                     0x20000a60   Data         100  main.o(.bss)
    Yaw                                      0x20000ac4   Data         100  main.o(.bss)
    hadc1                                    0x20000b28   Data         104  adc.o(.bss)
    cb                                       0x20001230   Data         232  compass_vec_cal.o(.bss)
    cb_test                                  0x20001318   Data         232  compass_vec_cal.o(.bss)
    cb_sim                                   0x20001400   Data         232  compass_vec_cal.o(.bss)
    vc                                       0x200014e8   Data         424  compass_vec_cal.o(.bss)
    fnm                                      0x20001690   Data         608  fast_no_motion.o(.bss)
    s9axis                                   0x20001930   Data         312  fusion_9axis.o(.bss)
    mag_disturb                              0x20001c2c   Data         184  mag_disturb.o(.bss)
    __initial_sp                             0x20002608   Data           0  startup_stm32l476xx.o(STACK)



==============================================================================

Memory Map of the image

  Image Entry point : 0x08000189

  Load Region LR_IROM1 (Base: 0x08000000, Size: 0x00014c58, Max: 0x00100000, ABSOLUTE)

    Execution Region ER_IROM1 (Exec base: 0x08000000, Load base: 0x08000000, Size: 0x00014b40, Max: 0x00100000, ABSOLUTE)

    Exec Addr    Load Addr    Size         Type   Attr      Idx    E Section Name        Object

    0x08000000   0x08000000   0x00000188   Data   RO            3    RESET               startup_stm32l476xx.o
    0x08000188   0x08000188   0x00000000   Code   RO         8996  * .ARM.Collect$$$$00000000  mc_w.l(entry.o)
    0x08000188   0x08000188   0x00000004   Code   RO         9366    .ARM.Collect$$$$00000001  mc_w.l(entry2.o)
    0x0800018c   0x0800018c   0x00000004   Code   RO         9369    .ARM.Collect$$$$00000004  mc_w.l(entry5.o)
    0x08000190   0x08000190   0x00000000   Code   RO         9371    .ARM.Collect$$$$00000008  mc_w.l(entry7b.o)
    0x08000190   0x08000190   0x00000000   Code   RO         9373    .ARM.Collect$$$$0000000A  mc_w.l(entry8b.o)
    0x08000190   0x08000190   0x00000008   Code   RO         9374    .ARM.Collect$$$$0000000B  mc_w.l(entry9a.o)
    0x08000198   0x08000198   0x00000000   Code   RO         9376    .ARM.Collect$$$$0000000D  mc_w.l(entry10a.o)
    0x08000198   0x08000198   0x00000000   Code   RO         9378    .ARM.Collect$$$$0000000F  mc_w.l(entry11a.o)
    0x08000198   0x08000198   0x00000004   Code   RO         9367    .ARM.Collect$$$$00002712  mc_w.l(entry2.o)
    0x0800019c   0x0800019c   0x00000024   Code   RO            4    .text               startup_stm32l476xx.o
    0x080001c0   0x080001c0   0x0000251a   Code   RO         8556    .text               libmpllib.lib(compass_vec_cal.o)
    0x080026da   0x080026da   0x00000002   PAD
    0x080026dc   0x080026dc   0x00000a44   Code   RO         8646    .text               libmpllib.lib(fast_no_motion.o)
    0x08003120   0x08003120   0x000006b6   Code   RO         8679    .text               libmpllib.lib(fusion_9axis.o)
    0x080037d6   0x080037d6   0x00000002   PAD
    0x080037d8   0x080037d8   0x000004ca   Code   RO         8701    .text               libmpllib.lib(gyro_tc.o)
    0x08003ca2   0x08003ca2   0x00000002   PAD
    0x08003ca4   0x08003ca4   0x000005c0   Code   RO         8719    .text               libmpllib.lib(mag_disturb.o)
    0x08004264   0x08004264   0x00000994   Code   RO         8741    .text               libmpllib.lib(quaternion_supervisor.o)
    0x08004bf8   0x08004bf8   0x00000c4a   Code   RO         8759    .text               libmpllib.lib(accel_auto_cal.o)
    0x08005842   0x08005842   0x00000068   Code   RO         8999    .text               mc_w.l(uldiv.o)
    0x080058aa   0x080058aa   0x00000062   Code   RO         9001    .text               mc_w.l(ldiv.o)
    0x0800590c   0x0800590c   0x0000001e   Code   RO         9003    .text               mc_w.l(llshl.o)
    0x0800592a   0x0800592a   0x00000024   Code   RO         9005    .text               mc_w.l(llsshr.o)
    0x0800594e   0x0800594e   0x00000040   Code   RO         9009    .text               mc_w.l(memmovea.o)
    0x0800598e   0x0800598e   0x00000024   Code   RO         9011    .text               mc_w.l(memseta.o)
    0x080059b2   0x080059b2   0x00000024   Code   RO         9013    .text               mc_w.l(strstr.o)
    0x080059d6   0x080059d6   0x0000000e   Code   RO         9015    .text               mc_w.l(strlen.o)
    0x080059e4   0x080059e4   0x0000001a   Code   RO         9017    .text               mc_w.l(memcmp.o)
    0x080059fe   0x080059fe   0x00000070   Code   RO         9288    .text               mc_w.l(strtol.o)
    0x08005a6e   0x08005a6e   0x0000015e   Code   RO         9290    .text               mf_w.l(dadd.o)
    0x08005bcc   0x08005bcc   0x000000ea   Code   RO         9292    .text               mf_w.l(dmul.o)
    0x08005cb6   0x08005cb6   0x000000de   Code   RO         9294    .text               mf_w.l(ddiv.o)
    0x08005d94   0x08005d94   0x0000002c   Code   RO         9296    .text               mf_w.l(ffltl.o)
    0x08005dc0   0x08005dc0   0x00000022   Code   RO         9298    .text               mf_w.l(dflti.o)
    0x08005de2   0x08005de2   0x0000001a   Code   RO         9300    .text               mf_w.l(dfltui.o)
    0x08005dfc   0x08005dfc   0x00000042   Code   RO         9302    .text               mf_w.l(ffixl.o)
    0x08005e3e   0x08005e3e   0x0000003e   Code   RO         9304    .text               mf_w.l(dfixi.o)
    0x08005e7c   0x08005e7c   0x00000026   Code   RO         9306    .text               mf_w.l(f2d.o)
    0x08005ea2   0x08005ea2   0x00000002   PAD
    0x08005ea4   0x08005ea4   0x00000030   Code   RO         9308    .text               mf_w.l(cdcmple.o)
    0x08005ed4   0x08005ed4   0x00000030   Code   RO         9310    .text               mf_w.l(cdrcmple.o)
    0x08005f04   0x08005f04   0x00000038   Code   RO         9312    .text               mf_w.l(d2f.o)
    0x08005f3c   0x08005f3c   0x0000002c   Code   RO         9381    .text               mc_w.l(uidiv.o)
    0x08005f68   0x08005f68   0x00000020   Code   RO         9383    .text               mc_w.l(llushr.o)
    0x08005f88   0x08005f88   0x00000008   Code   RO         9385    .text               mc_w.l(ctype_o.o)
    0x08005f90   0x08005f90   0x0000001c   Code   RO         9420    .text               mc_w.l(_chval.o)
    0x08005fac   0x08005fac   0x000000a4   Code   RO         9426    .text               mc_w.l(_strtoul.o)
    0x08006050   0x08006050   0x00000000   Code   RO         9428    .text               mc_w.l(iusefp.o)
    0x08006050   0x08006050   0x0000006e   Code   RO         9429    .text               mf_w.l(fepilogue.o)
    0x080060be   0x080060be   0x000000ba   Code   RO         9431    .text               mf_w.l(depilogue.o)
    0x08006178   0x08006178   0x000000a2   Code   RO         9437    .text               mf_w.l(dsqrt.o)
    0x0800621a   0x0800621a   0x00000030   Code   RO         9439    .text               mf_w.l(dfixul.o)
    0x0800624a   0x0800624a   0x00000002   PAD
    0x0800624c   0x0800624c   0x00000024   Code   RO         9441    .text               mc_w.l(init.o)
    0x08006270   0x08006270   0x00000098   Code   RO         2070    i.ADC_Enable        stm32l4xx_hal_adc.o
    0x08006308   0x08006308   0x00000138   Code   RO         1888    i.ADC_Get_Data      adc.o
    0x08006440   0x08006440   0x00000080   Code   RO          784    i.BMP280_Begin      bmp280_arm.o
    0x080064c0   0x080064c0   0x00000284   Code   RO          785    i.BMP280_Get_Data   bmp280_arm.o
    0x08006744   0x08006744   0x00000058   Code   RO          786    i.BMP280_ReadPressure  bmp280_arm.o
    0x0800679c   0x0800679c   0x00000030   Code   RO          787    i.BMP280_ReadPressure_int64  bmp280_arm.o
    0x080067cc   0x080067cc   0x00000034   Code   RO          788    i.BMP280_ReadTemperature  bmp280_arm.o
    0x08006800   0x08006800   0x00000060   Code   RO          789    i.BMP280_SPI_bus_read  bmp280_arm.o
    0x08006860   0x08006860   0x00000074   Code   RO          790    i.BMP280_SPI_bus_write  bmp280_arm.o
    0x080068d4   0x080068d4   0x00000002   Code   RO         1132    i.BusFault_Handler  stm32l4xx_it.o
    0x080068d6   0x080068d6   0x00000002   Code   RO         1133    i.DebugMon_Handler  stm32l4xx_it.o
    0x080068d8   0x080068d8   0x00000094   Code   RO           13    i.EC20Send_ChangeMode  ec20.o
    0x0800696c   0x0800696c   0x000005a4   Code   RO           14    i.EC20Send_RecAccessMode  ec20.o
    0x08006f10   0x08006f10   0x00000160   Code   RO           15    i.EC20Send_StrData  ec20.o
    0x08007070   0x08007070   0x00000276   Code   RO           16    i.EC20_Change_Server_IP  ec20.o
    0x080072e6   0x080072e6   0x00000002   PAD
    0x080072e8   0x080072e8   0x00000238   Code   RO           17    i.EC20_Change_Server_IP_ByServer  ec20.o
    0x08007520   0x08007520   0x000002d6   Code   RO           18    i.EC20_Change_Server_Port  ec20.o
    0x080077f6   0x080077f6   0x00000002   PAD
    0x080077f8   0x080077f8   0x00000294   Code   RO           19    i.EC20_Change_Server_Port_ByServer  ec20.o
    0x08007a8c   0x08007a8c   0x000000ac   Code   RO           21    i.EC20_GetGps_Send  ec20.o
    0x08007b38   0x08007b38   0x00000204   Code   RO           22    i.EC20_Get_Data     ec20.o
    0x08007d3c   0x08007d3c   0x00000040   Code   RO           23    i.EC20_Init         ec20.o
    0x08007d7c   0x08007d7c   0x000005e0   Code   RO           24    i.EC20_TR_Init      ec20.o
    0x0800835c   0x0800835c   0x000000f0   Code   RO         2303    i.HAL_ADCEx_MultiModeConfigChannel  stm32l4xx_hal_adc_ex.o
    0x0800844c   0x0800844c   0x000004b0   Code   RO         2072    i.HAL_ADC_ConfigChannel  stm32l4xx_hal_adc.o
    0x080088fc   0x080088fc   0x00000004   Code   RO         2078    i.HAL_ADC_GetState  stm32l4xx_hal_adc.o
    0x08008900   0x08008900   0x00000006   Code   RO         2079    i.HAL_ADC_GetValue  stm32l4xx_hal_adc.o
    0x08008906   0x08008906   0x00000002   PAD
    0x08008908   0x08008908   0x00000218   Code   RO         2081    i.HAL_ADC_Init      stm32l4xx_hal_adc.o
    0x08008b20   0x08008b20   0x00000028   Code   RO         1890    i.HAL_ADC_MspInit   adc.o
    0x08008b48   0x08008b48   0x00000128   Code   RO         2085    i.HAL_ADC_PollForConversion  stm32l4xx_hal_adc.o
    0x08008c70   0x08008c70   0x000000f0   Code   RO         2087    i.HAL_ADC_Start     stm32l4xx_hal_adc.o
    0x08008d60   0x08008d60   0x0000004a   Code   RO         2564    i.HAL_CRCEx_Polynomial_Set  stm32l4xx_hal_crc_ex.o
    0x08008daa   0x08008daa   0x00000002   PAD
    0x08008dac   0x08008dac   0x00000074   Code   RO         2498    i.HAL_CRC_Init      stm32l4xx_hal_crc.o
    0x08008e20   0x08008e20   0x00000028   Code   RO         1227    i.HAL_CRC_MspInit   stm32l4xx_hal_msp.o
    0x08008e48   0x08008e48   0x000000c0   Code   RO         5711    i.HAL_DMA_Init      stm32l4xx_hal_dma.o
    0x08008f08   0x08008f08   0x0000001c   Code   RO         4494    i.HAL_Delay         stm32l4xx_hal.o
    0x08008f24   0x08008f24   0x000001ca   Code   RO         5641    i.HAL_GPIO_Init     stm32l4xx_hal_gpio.o
    0x080090ee   0x080090ee   0x0000000a   Code   RO         5643    i.HAL_GPIO_ReadPin  stm32l4xx_hal_gpio.o
    0x080090f8   0x080090f8   0x0000000a   Code   RO         5645    i.HAL_GPIO_WritePin  stm32l4xx_hal_gpio.o
    0x08009102   0x08009102   0x00000002   PAD
    0x08009104   0x08009104   0x0000000c   Code   RO         4498    i.HAL_GetTick       stm32l4xx_hal.o
    0x08009110   0x08009110   0x00000016   Code   RO         4503    i.HAL_Init          stm32l4xx_hal.o
    0x08009126   0x08009126   0x00000002   PAD
    0x08009128   0x08009128   0x00000028   Code   RO         4504    i.HAL_InitTick      stm32l4xx_hal.o
    0x08009150   0x08009150   0x00000080   Code   RO         1230    i.HAL_MspInit       stm32l4xx_hal_msp.o
    0x080091d0   0x080091d0   0x00000016   Code   RO         6182    i.HAL_NVIC_EnableIRQ  stm32l4xx_hal_cortex.o
    0x080091e6   0x080091e6   0x00000002   PAD
    0x080091e8   0x080091e8   0x00000040   Code   RO         6188    i.HAL_NVIC_SetPriority  stm32l4xx_hal_cortex.o
    0x08009228   0x08009228   0x00000024   Code   RO         6189    i.HAL_NVIC_SetPriorityGrouping  stm32l4xx_hal_cortex.o
    0x0800924c   0x0800924c   0x00000064   Code   RO         5932    i.HAL_PWREx_ControlVoltageScaling  stm32l4xx_hal_pwr_ex.o
    0x080092b0   0x080092b0   0x00000010   Code   RO         5957    i.HAL_PWREx_EnableVddIO2  stm32l4xx_hal_pwr_ex.o
    0x080092c0   0x080092c0   0x00000010   Code   RO         5963    i.HAL_PWREx_GetVoltageRange  stm32l4xx_hal_pwr_ex.o
    0x080092d0   0x080092d0   0x000000b0   Code   RO         2613    i.HAL_QSPI_Init     stm32l4xx_hal_qspi.o
    0x08009380   0x08009380   0x00000068   Code   RO         1232    i.HAL_QSPI_MspInit  stm32l4xx_hal_msp.o
    0x080093e8   0x080093e8   0x000003ae   Code   RO         5298    i.HAL_RCCEx_PeriphCLKConfig  stm32l4xx_hal_rcc_ex.o
    0x08009796   0x08009796   0x00000002   PAD
    0x08009798   0x08009798   0x00000178   Code   RO         5183    i.HAL_RCC_ClockConfig  stm32l4xx_hal_rcc.o
    0x08009910   0x08009910   0x0000000c   Code   RO         5187    i.HAL_RCC_GetHCLKFreq  stm32l4xx_hal_rcc.o
    0x0800991c   0x0800991c   0x00000020   Code   RO         5189    i.HAL_RCC_GetPCLK1Freq  stm32l4xx_hal_rcc.o
    0x0800993c   0x0800993c   0x00000020   Code   RO         5190    i.HAL_RCC_GetPCLK2Freq  stm32l4xx_hal_rcc.o
    0x0800995c   0x0800995c   0x000000c4   Code   RO         5191    i.HAL_RCC_GetSysClockFreq  stm32l4xx_hal_rcc.o
    0x08009a20   0x08009a20   0x00000468   Code   RO         5194    i.HAL_RCC_OscConfig  stm32l4xx_hal_rcc.o
    0x08009e88   0x08009e88   0x000000ac   Code   RO         3242    i.HAL_SPI_Init      stm32l4xx_hal_spi.o
    0x08009f34   0x08009f34   0x000000a8   Code   RO         1236    i.HAL_SPI_MspInit   stm32l4xx_hal_msp.o
    0x08009fdc   0x08009fdc   0x00000174   Code   RO         3245    i.HAL_SPI_Receive   stm32l4xx_hal_spi.o
    0x0800a150   0x0800a150   0x0000017c   Code   RO         3250    i.HAL_SPI_Transmit  stm32l4xx_hal_spi.o
    0x0800a2cc   0x0800a2cc   0x0000023c   Code   RO         3251    i.HAL_SPI_TransmitReceive  stm32l4xx_hal_spi.o
    0x0800a508   0x0800a508   0x00000018   Code   RO         6191    i.HAL_SYSTICK_CLKSourceConfig  stm32l4xx_hal_cortex.o
    0x0800a520   0x0800a520   0x00000028   Code   RO         6193    i.HAL_SYSTICK_Config  stm32l4xx_hal_cortex.o
    0x0800a548   0x0800a548   0x0000006a   Code   RO         3644    i.HAL_UART_Init     stm32l4xx_hal_uart.o
    0x0800a5b2   0x0800a5b2   0x00000002   PAD
    0x0800a5b4   0x0800a5b4   0x00000160   Code   RO         1238    i.HAL_UART_MspInit  stm32l4xx_hal_msp.o
    0x0800a714   0x0800a714   0x000000b0   Code   RO         3652    i.HAL_UART_Transmit  stm32l4xx_hal_uart.o
    0x0800a7c4   0x0800a7c4   0x00000002   Code   RO         1134    i.HardFault_Handler  stm32l4xx_it.o
    0x0800a7c6   0x0800a7c6   0x00000002   PAD
    0x0800a7c8   0x0800a7c8   0x00000050   Code   RO         1937    i.IIC_Ack           myiic.o
    0x0800a818   0x0800a818   0x00000050   Code   RO         1939    i.IIC_NAck          myiic.o
    0x0800a868   0x0800a868   0x00000068   Code   RO         1940    i.IIC_Read_Byte     myiic.o
    0x0800a8d0   0x0800a8d0   0x0000006c   Code   RO         1941    i.IIC_Send_Byte     myiic.o
    0x0800a93c   0x0800a93c   0x00000050   Code   RO         1942    i.IIC_Start         myiic.o
    0x0800a98c   0x0800a98c   0x00000050   Code   RO         1943    i.IIC_Stop          myiic.o
    0x0800a9dc   0x0800a9dc   0x00000064   Code   RO         1944    i.IIC_Wait_Ack      myiic.o
    0x0800aa40   0x0800aa40   0x0000000c   Code   RO         2094    i.LL_ADC_GetOffsetChannel  stm32l4xx_hal_adc.o
    0x0800aa4c   0x0800aa4c   0x00000008   Code   RO         2095    i.LL_ADC_REG_IsConversionOngoing  stm32l4xx_hal_adc.o
    0x0800aa54   0x0800aa54   0x00000008   Code   RO         2313    i.LL_ADC_REG_IsConversionOngoing  stm32l4xx_hal_adc_ex.o
    0x0800aa5c   0x0800aa5c   0x00000046   Code   RO         2097    i.LL_ADC_SetChannelSamplingTime  stm32l4xx_hal_adc.o
    0x0800aaa2   0x0800aaa2   0x00000010   Code   RO         2098    i.LL_ADC_SetOffsetState  stm32l4xx_hal_adc.o
    0x0800aab2   0x0800aab2   0x00000002   PAD
    0x0800aab4   0x0800aab4   0x00000018   Code   RO          862    i.LL_AHB2_GRP1_EnableClock  main.o
    0x0800aacc   0x0800aacc   0x00000018   Code   RO         1323    i.LL_APB1_GRP1_EnableClock  usart.o
    0x0800aae4   0x0800aae4   0x00000138   Code   RO         1467    i.LL_GPIO_Init      stm32l4xx_ll_gpio.o
    0x0800ac1c   0x0800ac1c   0x000000e4   Code   RO          863    i.LL_Init           main.o
    0x0800ad00   0x0800ad00   0x0000001a   Code   RO         6312    i.LL_Init1msTick    stm32l4xx_ll_utils.o
    0x0800ad1a   0x0800ad1a   0x00000002   PAD
    0x0800ad1c   0x0800ad1c   0x00000090   Code   RO         1555    i.LL_RCC_GetUARTClockFreq  stm32l4xx_ll_rcc.o
    0x0800adac   0x0800adac   0x000000b4   Code   RO         1556    i.LL_RCC_GetUSARTClockFreq  stm32l4xx_ll_rcc.o
    0x0800ae60   0x0800ae60   0x00000010   Code   RO         1558    i.LL_RCC_HSI_IsReady  stm32l4xx_ll_rcc.o
    0x0800ae70   0x0800ae70   0x00000010   Code   RO         1559    i.LL_RCC_LSE_IsReady  stm32l4xx_ll_rcc.o
    0x0800ae80   0x0800ae80   0x00000010   Code   RO         1560    i.LL_RCC_MSI_GetRange  stm32l4xx_ll_rcc.o
    0x0800ae90   0x0800ae90   0x00000010   Code   RO         1561    i.LL_RCC_MSI_GetRangeAfterStandby  stm32l4xx_ll_rcc.o
    0x0800aea0   0x0800aea0   0x00000010   Code   RO         1562    i.LL_RCC_MSI_IsEnabledRangeSelect  stm32l4xx_ll_rcc.o
    0x0800aeb0   0x0800aeb0   0x00000010   Code   RO         1565    i.LL_RCC_PLL_GetDivider  stm32l4xx_ll_rcc.o
    0x0800aec0   0x0800aec0   0x00000010   Code   RO         1566    i.LL_RCC_PLL_GetMainSource  stm32l4xx_ll_rcc.o
    0x0800aed0   0x0800aed0   0x0000000c   Code   RO         6317    i.LL_SetSystemCoreClock  stm32l4xx_ll_utils.o
    0x0800aedc   0x0800aedc   0x000000d0   Code   RO         1781    i.LL_USART_Init     stm32l4xx_ll_usart.o
    0x0800afac   0x0800afac   0x0000001e   Code   RO         6318    i.LL_mDelay         stm32l4xx_ll_utils.o
    0x0800afca   0x0800afca   0x00000002   PAD
    0x0800afcc   0x0800afcc   0x000001a8   Code   RO          317    i.MPU9250_Get_Data  mp9250.o
    0x0800b174   0x0800b174   0x000000e0   Code   RO         8488    i.MPU9250_Init      mmpu9250.o
    0x0800b254   0x0800b254   0x00000034   Code   RO          318    i.MPU9250_Read_Reg  mp9250.o
    0x0800b288   0x0800b288   0x00000044   Code   RO          319    i.MPU9250_Write_LEN  mp9250.o
    0x0800b2cc   0x0800b2cc   0x00000030   Code   RO          320    i.MPU9250_Write_Reg  mp9250.o
    0x0800b2fc   0x0800b2fc   0x00000044   Code   RO         1945    i.MPU_Read_Byte     myiic.o
    0x0800b340   0x0800b340   0x00000048   Code   RO          321    i.MPU_Read_LEN      mp9250.o
    0x0800b388   0x0800b388   0x0000000a   Code   RO         8493    i.MPU_Set_Accel_Fsr  mmpu9250.o
    0x0800b392   0x0800b392   0x0000000e   Code   RO         8494    i.MPU_Set_Gyro_Fsr  mmpu9250.o
    0x0800b3a0   0x0800b3a0   0x00000030   Code   RO         8495    i.MPU_Set_LPF       mmpu9250.o
    0x0800b3d0   0x0800b3d0   0x0000002e   Code   RO         8496    i.MPU_Set_Rate      mmpu9250.o
    0x0800b3fe   0x0800b3fe   0x00000040   Code   RO         1947    i.MPU_Write_Byte    myiic.o
    0x0800b43e   0x0800b43e   0x00000002   PAD
    0x0800b440   0x0800b440   0x0000009c   Code   RO         1891    i.MX_ADC1_Init      adc.o
    0x0800b4dc   0x0800b4dc   0x00000186   Code   RO          864    i.MX_GPIO_Init      main.o
    0x0800b662   0x0800b662   0x00000002   PAD
    0x0800b664   0x0800b664   0x0000004c   Code   RO          865    i.MX_SPI1_Init      main.o
    0x0800b6b0   0x0800b6b0   0x0000004c   Code   RO          866    i.MX_SPI2_Init      main.o
    0x0800b6fc   0x0800b6fc   0x00000068   Code   RO         1324    i.MX_UART4_Init     usart.o
    0x0800b764   0x0800b764   0x00000038   Code   RO          867    i.MX_USART1_UART_Init  main.o
    0x0800b79c   0x0800b79c   0x00000038   Code   RO          868    i.MX_USART2_UART_Init  main.o
    0x0800b7d4   0x0800b7d4   0x00000070   Code   RO         1325    i.MX_USART3_UART_Init  usart.o
    0x0800b844   0x0800b844   0x00000002   Code   RO         1135    i.MemManage_Handler  stm32l4xx_it.o
    0x0800b846   0x0800b846   0x00000002   Code   RO         1136    i.NMI_Handler       stm32l4xx_it.o
    0x0800b848   0x0800b848   0x00000016   Code   RO          869    i.NVIC_EnableIRQ    main.o
    0x0800b85e   0x0800b85e   0x00000032   Code   RO          870    i.NVIC_EncodePriority  main.o
    0x0800b890   0x0800b890   0x00000010   Code   RO          871    i.NVIC_GetPriorityGrouping  main.o
    0x0800b8a0   0x0800b8a0   0x00000020   Code   RO          872    i.NVIC_SetPriority  main.o
    0x0800b8c0   0x0800b8c0   0x00000020   Code   RO         6195    i.NVIC_SetPriority  stm32l4xx_hal_cortex.o
    0x0800b8e0   0x0800b8e0   0x00000002   Code   RO         1137    i.PendSV_Handler    stm32l4xx_it.o
    0x0800b8e2   0x0800b8e2   0x00000048   Code   RO         2638    i.QSPI_WaitFlagStateUntilTimeout  stm32l4xx_hal_qspi.o
    0x0800b92a   0x0800b92a   0x00000002   PAD
    0x0800b92c   0x0800b92c   0x0000012c   Code   RO         5301    i.RCCEx_PLLSAI1_Config  stm32l4xx_hal_rcc_ex.o
    0x0800ba58   0x0800ba58   0x00000108   Code   RO         5302    i.RCCEx_PLLSAI2_Config  stm32l4xx_hal_rcc_ex.o
    0x0800bb60   0x0800bb60   0x0000001c   Code   RO         1568    i.RCC_GetHCLKClockFreq  stm32l4xx_ll_rcc.o
    0x0800bb7c   0x0800bb7c   0x0000001c   Code   RO         1569    i.RCC_GetPCLK1ClockFreq  stm32l4xx_ll_rcc.o
    0x0800bb98   0x0800bb98   0x0000001c   Code   RO         1570    i.RCC_GetPCLK2ClockFreq  stm32l4xx_ll_rcc.o
    0x0800bbb4   0x0800bbb4   0x00000074   Code   RO         1571    i.RCC_GetSystemClockFreq  stm32l4xx_ll_rcc.o
    0x0800bc28   0x0800bc28   0x0000008c   Code   RO         1579    i.RCC_PLL_GetFreqDomain_SYS  stm32l4xx_ll_rcc.o
    0x0800bcb4   0x0800bcb4   0x0000007c   Code   RO         5195    i.RCC_SetFlashLatencyFromMSIRange  stm32l4xx_hal_rcc.o
    0x0800bd30   0x0800bd30   0x00000020   Code   RO          325    i.SPI1_ReadWriteByte  mp9250.o
    0x0800bd50   0x0800bd50   0x00000074   Code   RO         3279    i.SPI_EndRxTransaction  stm32l4xx_hal_spi.o
    0x0800bdc4   0x0800bdc4   0x00000048   Code   RO         3280    i.SPI_EndRxTxTransaction  stm32l4xx_hal_spi.o
    0x0800be0c   0x0800be0c   0x0000009e   Code   RO         3285    i.SPI_WaitFifoStateUntilTimeout  stm32l4xx_hal_spi.o
    0x0800beaa   0x0800beaa   0x00000094   Code   RO         3286    i.SPI_WaitFlagStateUntilTimeout  stm32l4xx_hal_spi.o
    0x0800bf3e   0x0800bf3e   0x00000002   Code   RO         1138    i.SVC_Handler       stm32l4xx_it.o
    0x0800bf40   0x0800bf40   0x00000302   Code   RO           26    i.Set_IP_Port_ByServer  ec20.o
    0x0800c242   0x0800c242   0x00000002   Code   RO         1139    i.SysTick_Handler   stm32l4xx_it.o
    0x0800c244   0x0800c244   0x0000019c   Code   RO          873    i.SystemClock_Config  main.o
    0x0800c3e0   0x0800c3e0   0x00000044   Code   RO         6404    i.SystemInit        system_stm32l4xx.o
    0x0800c424   0x0800c424   0x0000001c   Code   RO         1840    i.UART4_CLR_RecvBuf  user.o
    0x0800c440   0x0800c440   0x00000034   Code   RO         1140    i.UART4_IRQHandler  stm32l4xx_it.o
    0x0800c474   0x0800c474   0x000000c8   Code   RO         3657    i.UART_AdvFeatureConfig  stm32l4xx_hal_uart.o
    0x0800c53c   0x0800c53c   0x0000005c   Code   RO         3658    i.UART_CheckIdleState  stm32l4xx_hal_uart.o
    0x0800c598   0x0800c598   0x000002a0   Code   RO         3673    i.UART_SetConfig    stm32l4xx_hal_uart.o
    0x0800c838   0x0800c838   0x00000064   Code   RO         3676    i.UART_WaitOnFlagUntilTimeout  stm32l4xx_hal_uart.o
    0x0800c89c   0x0800c89c   0x00000128   Code   RO         1841    i.USART3_Ack_Interaction  user.o
    0x0800c9c4   0x0800c9c4   0x0000001c   Code   RO         1842    i.USART3_CLR_RecvBuf  user.o
    0x0800c9e0   0x0800c9e0   0x00000028   Code   RO         1141    i.USART3_IRQHandler  stm32l4xx_it.o
    0x0800ca08   0x0800ca08   0x00000002   Code   RO         1142    i.UsageFault_Handler  stm32l4xx_it.o
    0x0800ca0a   0x0800ca0a   0x00000002   Code   RO          874    i._Error_Handler    main.o
    0x0800ca0c   0x0800ca0c   0x00000098   Code   RO         6635    i._MLPrintLog       logstm32.o
    0x0800caa4   0x0800caa4   0x00000020   Code   RO         9256    i.__0printf         mc_w.l(printfa.o)
    0x0800cac4   0x0800cac4   0x00000028   Code   RO         9258    i.__0sprintf        mc_w.l(printfa.o)
    0x0800caec   0x0800caec   0x00000024   Code   RO         9262    i.__0vsprintf       mc_w.l(printfa.o)
    0x0800cb10   0x0800cb10   0x00000030   Code   RO         9331    i.__ARM_fpclassify  m_wm.l(fpclassify.o)
    0x0800cb40   0x0800cb40   0x00000026   Code   RO         9333    i.__ARM_fpclassifyf  m_wm.l(fpclassifyf.o)
    0x0800cb66   0x0800cb66   0x00000002   PAD
    0x0800cb68   0x0800cb68   0x00000008   Code   RO         9413    i.__aeabi_errno_addr  mc_w.l(errno.o)
    0x0800cb70   0x0800cb70   0x00000118   Code   RO         8802    i.__hardfp_acosf    m_wm.l(acosf.o)
    0x0800cc88   0x0800cc88   0x00000384   Code   RO         8814    i.__hardfp_asin     m_wm.l(asin.o)
    0x0800d00c   0x0800d00c   0x00000004   PAD
    0x0800d010   0x0800d010   0x000002d8   Code   RO         8840    i.__hardfp_atan     m_wm.l(atan.o)
    0x0800d2e8   0x0800d2e8   0x000001f0   Code   RO         8854    i.__hardfp_atan2    m_wm.l(atan2.o)
    0x0800d4d8   0x0800d4d8   0x00000250   Code   RO         8866    i.__hardfp_atan2f   m_wm.l(atan2f.o)
    0x0800d728   0x0800d728   0x000000c8   Code   RO         8884    i.__hardfp_cos      m_wm.l(cos.o)
    0x0800d7f0   0x0800d7f0   0x00000150   Code   RO         8896    i.__hardfp_cosf     m_wm.l(cosf.o)
    0x0800d940   0x0800d940   0x00000014   Code   RO         8908    i.__hardfp_fabs     m_wm.l(fabs.o)
    0x0800d954   0x0800d954   0x00000004   PAD
    0x0800d958   0x0800d958   0x000003e8   Code   RO         8920    i.__hardfp_log      m_wm.l(log.o)
    0x0800dd40   0x0800dd40   0x00000190   Code   RO         8960    i.__hardfp_sinf     m_wm.l(sinf.o)
    0x0800ded0   0x0800ded0   0x0000007a   Code   RO         8972    i.__hardfp_sqrt     m_wm.l(sqrt.o)
    0x0800df4a   0x0800df4a   0x0000003a   Code   RO         8984    i.__hardfp_sqrtf    m_wm.l(sqrtf.o)
    0x0800df84   0x0800df84   0x00000004   PAD
    0x0800df88   0x0800df88   0x0000043e   Code   RO         9352    i.__ieee754_rem_pio2  m_wm.l(rred.o)
    0x0800e3c6   0x0800e3c6   0x00000002   PAD
    0x0800e3c8   0x0800e3c8   0x00000170   Code   RO         9314    i.__kernel_cos      m_wm.l(cos_i.o)
    0x0800e538   0x0800e538   0x000000f8   Code   RO         9349    i.__kernel_poly     m_wm.l(poly.o)
    0x0800e630   0x0800e630   0x00000148   Code   RO         9360    i.__kernel_sin      m_wm.l(sin_i.o)
    0x0800e778   0x0800e778   0x00000030   Code   RO         9317    i.__mathlib_dbl_divzero  m_wm.l(dunder.o)
    0x0800e7a8   0x0800e7a8   0x00000014   Code   RO         9318    i.__mathlib_dbl_infnan  m_wm.l(dunder.o)
    0x0800e7bc   0x0800e7bc   0x00000014   Code   RO         9319    i.__mathlib_dbl_infnan2  m_wm.l(dunder.o)
    0x0800e7d0   0x0800e7d0   0x00000020   Code   RO         9320    i.__mathlib_dbl_invalid  m_wm.l(dunder.o)
    0x0800e7f0   0x0800e7f0   0x00000020   Code   RO         9323    i.__mathlib_dbl_underflow  m_wm.l(dunder.o)
    0x0800e810   0x0800e810   0x00000006   Code   RO         9336    i.__mathlib_flt_infnan  m_wm.l(funder.o)
    0x0800e816   0x0800e816   0x00000006   Code   RO         9337    i.__mathlib_flt_infnan2  m_wm.l(funder.o)
    0x0800e81c   0x0800e81c   0x00000010   Code   RO         9338    i.__mathlib_flt_invalid  m_wm.l(funder.o)
    0x0800e82c   0x0800e82c   0x00000010   Code   RO         9341    i.__mathlib_flt_underflow  m_wm.l(funder.o)
    0x0800e83c   0x0800e83c   0x00000154   Code   RO         9357    i.__mathlib_rredf2  m_wm.l(rredf.o)
    0x0800e990   0x0800e990   0x00000030   Code   RO         7655    i.__print_result_location  mpl.o
    0x0800e9c0   0x0800e9c0   0x0000000e   Code   RO         9452    i.__scatterload_copy  mc_w.l(handlers.o)
    0x0800e9ce   0x0800e9ce   0x00000002   Code   RO         9453    i.__scatterload_null  mc_w.l(handlers.o)
    0x0800e9d0   0x0800e9d0   0x0000000e   Code   RO         9454    i.__scatterload_zeroinit  mc_w.l(handlers.o)
    0x0800e9de   0x0800e9de   0x00000002   PAD
    0x0800e9e0   0x0800e9e0   0x0000000c   Code   RO         9415    i.__set_errno       mc_w.l(errno.o)
    0x0800e9ec   0x0800e9ec   0x0000018a   Code   RO         9263    i._fp_digits        mc_w.l(printfa.o)
    0x0800eb76   0x0800eb76   0x00000002   PAD
    0x0800eb78   0x0800eb78   0x000006e2   Code   RO         9264    i._printf_core      mc_w.l(printfa.o)
    0x0800f25a   0x0800f25a   0x00000024   Code   RO         9265    i._printf_post_padding  mc_w.l(printfa.o)
    0x0800f27e   0x0800f27e   0x0000002e   Code   RO         9266    i._printf_pre_padding  mc_w.l(printfa.o)
    0x0800f2ac   0x0800f2ac   0x0000000a   Code   RO         9268    i._sputc            mc_w.l(printfa.o)
    0x0800f2b6   0x0800f2b6   0x00000002   PAD
    0x0800f2b8   0x0800f2b8   0x000004a2   Code   RO         8073    i.accel_6500_self_test  invmpuu.o
    0x0800f75a   0x0800f75a   0x00000010   Code   RO         8842    i.atan              m_wm.l(atan.o)
    0x0800f76a   0x0800f76a   0x00000002   PAD
    0x0800f76c   0x0800f76c   0x00000164   Code   RO          791    i.bmp280_compensate_pressure_float  bmp280_arm.o
    0x0800f8d0   0x0800f8d0   0x000000a4   Code   RO          608    i.bmp280_compensate_pressure_int32  bmp280.o
    0x0800f974   0x0800f974   0x0000016a   Code   RO          609    i.bmp280_compensate_pressure_int64  bmp280.o
    0x0800fade   0x0800fade   0x00000002   PAD
    0x0800fae0   0x0800fae0   0x00000098   Code   RO          792    i.bmp280_compensate_temperature_float  bmp280_arm.o
    0x0800fb78   0x0800fb78   0x00000038   Code   RO          610    i.bmp280_compensate_temperature_int32  bmp280.o
    0x0800fbb0   0x0800fbb0   0x000000cc   Code   RO          612    i.bmp280_get_calib_param  bmp280.o
    0x0800fc7c   0x0800fc7c   0x00000058   Code   RO          620    i.bmp280_init       bmp280.o
    0x0800fcd4   0x0800fcd4   0x00000040   Code   RO          623    i.bmp280_read_uncomp_pressure  bmp280.o
    0x0800fd14   0x0800fd14   0x00000040   Code   RO          625    i.bmp280_read_uncomp_temperature  bmp280.o
    0x0800fd54   0x0800fd54   0x0000004c   Code   RO          626    i.bmp280_set_filter  bmp280.o
    0x0800fda0   0x0800fda0   0x00000040   Code   RO          629    i.bmp280_set_power_mode  bmp280.o
    0x0800fde0   0x0800fde0   0x0000004c   Code   RO          632    i.bmp280_set_standby_durn  bmp280.o
    0x0800fe2c   0x0800fe2c   0x00000098   Code   RO          633    i.bmp280_set_work_mode  bmp280.o
    0x0800fec4   0x0800fec4   0x00000094   Code   RO         8074    i.compass_self_test  invmpuu.o
    0x0800ff58   0x0800ff58   0x0000001a   Code   RO         2028    i.delay_ms          delay.o
    0x0800ff72   0x0800ff72   0x00000002   PAD
    0x0800ff74   0x0800ff74   0x00000034   Code   RO         2029    i.delay_us          delay.o
    0x0800ffa8   0x0800ffa8   0x0000003a   Code   RO         6441    i.dmp_enable_6x_lp_quat  invmpudmpmotiondriver.o
    0x0800ffe2   0x0800ffe2   0x00000002   PAD
    0x0800ffe4   0x0800ffe4   0x000001d8   Code   RO         6442    i.dmp_enable_feature  invmpudmpmotiondriver.o
    0x080101bc   0x080101bc   0x0000003c   Code   RO         6443    i.dmp_enable_gyro_cal  invmpudmpmotiondriver.o
    0x080101f8   0x080101f8   0x0000003a   Code   RO         6444    i.dmp_enable_lp_quat  invmpudmpmotiondriver.o
    0x08010232   0x08010232   0x00000002   PAD
    0x08010234   0x08010234   0x00000014   Code   RO         6449    i.dmp_load_motion_driver_firmware  invmpudmpmotiondriver.o
    0x08010248   0x08010248   0x00000162   Code   RO         6450    i.dmp_read_fifo     invmpudmpmotiondriver.o
    0x080103aa   0x080103aa   0x00000002   PAD
    0x080103ac   0x080103ac   0x000000d8   Code   RO         6453    i.dmp_set_accel_bias  invmpudmpmotiondriver.o
    0x08010484   0x08010484   0x00000064   Code   RO         6454    i.dmp_set_fifo_rate  invmpudmpmotiondriver.o
    0x080104e8   0x080104e8   0x000000cc   Code   RO         6455    i.dmp_set_gyro_bias  invmpudmpmotiondriver.o
    0x080105b4   0x080105b4   0x0000010c   Code   RO         6457    i.dmp_set_orientation  invmpudmpmotiondriver.o
    0x080106c0   0x080106c0   0x00000030   Code   RO         6460    i.dmp_set_shake_reject_thresh  invmpudmpmotiondriver.o
    0x080106f0   0x080106f0   0x00000020   Code   RO         6461    i.dmp_set_shake_reject_time  invmpudmpmotiondriver.o
    0x08010710   0x08010710   0x00000020   Code   RO         6462    i.dmp_set_shake_reject_timeout  invmpudmpmotiondriver.o
    0x08010730   0x08010730   0x00000040   Code   RO         6463    i.dmp_set_tap_axes  invmpudmpmotiondriver.o
    0x08010770   0x08010770   0x00000022   Code   RO         6464    i.dmp_set_tap_count  invmpudmpmotiondriver.o
    0x08010792   0x08010792   0x00000002   PAD
    0x08010794   0x08010794   0x00000160   Code   RO         6465    i.dmp_set_tap_thresh  invmpudmpmotiondriver.o
    0x080108f4   0x080108f4   0x00000020   Code   RO         6466    i.dmp_set_tap_time  invmpudmpmotiondriver.o
    0x08010914   0x08010914   0x00000020   Code   RO         6467    i.dmp_set_tap_time_multi  invmpudmpmotiondriver.o
    0x08010934   0x08010934   0x00000018   Code   RO         8910    i.fabs              m_wm.l(fabs.o)
    0x0801094c   0x0801094c   0x0000001c   Code   RO          875    i.fputc             main.o
    0x08010968   0x08010968   0x00000486   Code   RO         8075    i.get_st_6500_biases  invmpuu.o
    0x08010dee   0x08010dee   0x00000002   PAD
    0x08010df0   0x08010df0   0x0000045e   Code   RO         8077    i.gyro_6500_self_test  invmpuu.o
    0x0801124e   0x0801124e   0x0000006a   Code   RO         6794    i.inv_apply_calibration  databuilder.o
    0x080112b8   0x080112b8   0x000000ac   Code   RO         7389    i.inv_compass_angle  mlmathfunc.o
    0x08011364   0x08011364   0x0000005c   Code   RO         7391    i.inv_convert_to_body_with_scale  mlmathfunc.o
    0x080113c0   0x080113c0   0x0000003c   Code   RO         6801    i.inv_db_load_func  databuilder.o
    0x080113fc   0x080113fc   0x00000014   Code   RO         6802    i.inv_db_save_func  databuilder.o
    0x08011410   0x08011410   0x0000001c   Code   RO         6691    i.inv_enable_eMPL_outputs  emploutputs.o
    0x0801142c   0x0801142c   0x0000001c   Code   RO         7765    i.inv_enable_results_holder  resultsholder.o
    0x08011448   0x08011448   0x0000002c   Code   RO         8000    i.inv_execute_mpl_start_notification  startmanager.o
    0x08011474   0x08011474   0x000000ac   Code   RO         6692    i.inv_generate_eMPL_outputs  emploutputs.o
    0x08011520   0x08011520   0x00000010   Code   RO         7766    i.inv_generate_results  resultsholder.o
    0x08011530   0x08011530   0x00000014   Code   RO         7767    i.inv_get_6axis_quaternion  resultsholder.o
    0x08011544   0x08011544   0x0000000c   Code   RO         7768    i.inv_get_acc_state  resultsholder.o
    0x08011550   0x08011550   0x0000000c   Code   RO         6806    i.inv_get_accel_accuracy  databuilder.o
    0x0801155c   0x0801155c   0x00000010   Code   RO         6808    i.inv_get_accel_on  databuilder.o
    0x0801156c   0x0801156c   0x0000002c   Code   RO         6812    i.inv_get_accel_set  databuilder.o
    0x08011598   0x08011598   0x00000014   Code   RO         6813    i.inv_get_compass_bias  databuilder.o
    0x080115ac   0x080115ac   0x0000001c   Code   RO         7772    i.inv_get_compass_correction  resultsholder.o
    0x080115c8   0x080115c8   0x00000010   Code   RO         6815    i.inv_get_compass_on  databuilder.o
    0x080115d8   0x080115d8   0x0000000c   Code   RO         7773    i.inv_get_compass_state  resultsholder.o
    0x080115e4   0x080115e4   0x00000054   Code   RO         7774    i.inv_get_gravity   resultsholder.o
    0x08011638   0x08011638   0x00000010   Code   RO         6823    i.inv_get_gyro      databuilder.o
    0x08011648   0x08011648   0x0000000c   Code   RO         6824    i.inv_get_gyro_accuracy  databuilder.o
    0x08011654   0x08011654   0x00000024   Code   RO         6825    i.inv_get_gyro_bias  databuilder.o
    0x08011678   0x08011678   0x00000018   Code   RO         6826    i.inv_get_gyro_bias_tc_set  databuilder.o
    0x08011690   0x08011690   0x00000010   Code   RO         6827    i.inv_get_gyro_on   databuilder.o
    0x080116a0   0x080116a0   0x0000001a   Code   RO         7394    i.inv_get_gyro_sum_of_sqr  mlmathfunc.o
    0x080116ba   0x080116ba   0x00000002   PAD
    0x080116bc   0x080116bc   0x0000000c   Code   RO         7777    i.inv_get_large_mag_field  resultsholder.o
    0x080116c8   0x080116c8   0x00000064   Code   RO         6833    i.inv_get_last_timestamp  databuilder.o
    0x0801172c   0x0801172c   0x0000003a   Code   RO         7778    i.inv_get_linear_accel  resultsholder.o
    0x08011766   0x08011766   0x00000002   PAD
    0x08011768   0x08011768   0x00000044   Code   RO         7779    i.inv_get_linear_accel_float  resultsholder.o
    0x080117ac   0x080117ac   0x00000010   Code   RO         7780    i.inv_get_local_field  resultsholder.o
    0x080117bc   0x080117bc   0x0000001c   Code   RO         6834    i.inv_get_mag_accuracy  databuilder.o
    0x080117d8   0x080117d8   0x00000010   Code   RO         7782    i.inv_get_motion_state  resultsholder.o
    0x080117e8   0x080117e8   0x00000038   Code   RO         7783    i.inv_get_quaternion  resultsholder.o
    0x08011820   0x08011820   0x0000003a   Code   RO         7785    i.inv_get_quaternion_set  resultsholder.o
    0x0801185a   0x0801185a   0x00000002   PAD
    0x0801185c   0x0801185c   0x00000064   Code   RO         7256    i.inv_get_sensor_type_gravity  haloutputs.o
    0x080118c0   0x080118c0   0x0000000c   Code   RO         7787    i.inv_got_compass_bias  resultsholder.o
    0x080118cc   0x080118cc   0x0000003c   Code   RO         6837    i.inv_init_data_builder  databuilder.o
    0x08011908   0x08011908   0x0000007c   Code   RO         7657    i.inv_init_mpl      mpl.o
    0x08011984   0x08011984   0x00000030   Code   RO         7788    i.inv_init_results_holder  resultsholder.o
    0x080119b4   0x080119b4   0x00000014   Code   RO         8001    i.inv_init_start_manager  startmanager.o
    0x080119c8   0x080119c8   0x00000018   Code   RO         8033    i.inv_init_storage_manager  storagemanager.o
    0x080119e0   0x080119e0   0x00000022   Code   RO         7403    i.inv_orientation_matrix_to_scalar  mlmathfunc.o
    0x08011a02   0x08011a02   0x0000000c   Code   RO         7404    i.inv_q29_mult      mlmathfunc.o
    0x08011a0e   0x08011a0e   0x0000000c   Code   RO         7406    i.inv_q30_mult      mlmathfunc.o
    0x08011a1a   0x08011a1a   0x00000024   Code   RO         7408    i.inv_q_add         mlmathfunc.o
    0x08011a3e   0x08011a3e   0x00000042   Code   RO         7409    i.inv_q_addf        mlmathfunc.o
    0x08011a80   0x08011a80   0x00000018   Code   RO         7410    i.inv_q_invert      mlmathfunc.o
    0x08011a98   0x08011a98   0x0000002e   Code   RO         7411    i.inv_q_invertf     mlmathfunc.o
    0x08011ac6   0x08011ac6   0x000000b0   Code   RO         7412    i.inv_q_mult        mlmathfunc.o
    0x08011b76   0x08011b76   0x000000d2   Code   RO         7413    i.inv_q_multf       mlmathfunc.o
    0x08011c48   0x08011c48   0x00000084   Code   RO         7414    i.inv_q_norm4       mlmathfunc.o
    0x08011ccc   0x08011ccc   0x000000b0   Code   RO         7416    i.inv_q_normalizef  mlmathfunc.o
    0x08011d7c   0x08011d7c   0x0000003e   Code   RO         7417    i.inv_q_rotate      mlmathfunc.o
    0x08011dba   0x08011dba   0x000000da   Code   RO         7419    i.inv_quaternion_to_rotation  mlmathfunc.o
    0x08011e94   0x08011e94   0x000000a4   Code   RO         6840    i.inv_register_data_cb  databuilder.o
    0x08011f38   0x08011f38   0x0000006c   Code   RO         8035    i.inv_register_load_store  storagemanager.o
    0x08011fa4   0x08011fa4   0x00000020   Code   RO         8002    i.inv_register_mpl_start_notification  startmanager.o
    0x08011fc4   0x08011fc4   0x00000054   Code   RO         6841    i.inv_reset_compass_soft_iron_matrix  databuilder.o
    0x08012018   0x08012018   0x00000048   Code   RO         7421    i.inv_row_2_scale   mlmathfunc.o
    0x08012060   0x08012060   0x0000001c   Code   RO         6842    i.inv_set_accel_accuracy  databuilder.o
    0x0801207c   0x0801207c   0x0000000c   Code   RO         7791    i.inv_set_accel_bias_found  resultsholder.o
    0x08012088   0x08012088   0x00000054   Code   RO         6845    i.inv_set_accel_bias_mask  databuilder.o
    0x080120dc   0x080120dc   0x0000000c   Code   RO         6846    i.inv_set_accel_orientation_and_scale  databuilder.o
    0x080120e8   0x080120e8   0x0000002c   Code   RO         6847    i.inv_set_accel_sample_rate  databuilder.o
    0x08012114   0x08012114   0x00000048   Code   RO         6849    i.inv_set_compass_bias  databuilder.o
    0x0801215c   0x0801215c   0x00000010   Code   RO         7792    i.inv_set_compass_bias_error  resultsholder.o
    0x0801216c   0x0801216c   0x0000000c   Code   RO         7793    i.inv_set_compass_bias_found  resultsholder.o
    0x08012178   0x08012178   0x00000024   Code   RO         7794    i.inv_set_compass_correction  resultsholder.o
    0x0801219c   0x0801219c   0x0000000c   Code   RO         6850    i.inv_set_compass_disturbance  databuilder.o
    0x080121a8   0x080121a8   0x00000010   Code   RO         6851    i.inv_set_compass_orientation_and_scale  databuilder.o
    0x080121b8   0x080121b8   0x0000002c   Code   RO         6852    i.inv_set_compass_sample_rate  databuilder.o
    0x080121e4   0x080121e4   0x0000000c   Code   RO         7795    i.inv_set_compass_state  resultsholder.o
    0x080121f0   0x080121f0   0x0000005c   Code   RO         6858    i.inv_set_gyro_bias  databuilder.o
    0x0801224c   0x0801224c   0x0000000c   Code   RO         6859    i.inv_set_gyro_orientation_and_scale  databuilder.o
    0x08012258   0x08012258   0x00000028   Code   RO         6860    i.inv_set_gyro_sample_rate  databuilder.o
    0x08012280   0x08012280   0x00000014   Code   RO         7361    i.inv_set_message   messagelayer.o
    0x08012294   0x08012294   0x00000034   Code   RO         7800    i.inv_set_motion_state  resultsholder.o
    0x080122c8   0x080122c8   0x00000010   Code   RO         6700    i.inv_start_eMPL_outputs  emploutputs.o
    0x080122d8   0x080122d8   0x00000040   Code   RO         7658    i.inv_start_mpl     mpl.o
    0x08012318   0x08012318   0x00000018   Code   RO         7801    i.inv_start_results_holder  resultsholder.o
    0x08012330   0x08012330   0x00000020   Code   RO         7802    i.inv_store_gaming_quaternion  resultsholder.o
    0x08012350   0x08012350   0x0000004c   Code   RO         6863    i.inv_unregister_data_cb  databuilder.o
    0x0801239c   0x0801239c   0x00000048   Code   RO         8003    i.inv_unregister_mpl_start_notification  startmanager.o
    0x080123e4   0x080123e4   0x00000278   Code   RO          883    i.main              main.o
    0x0801265c   0x0801265c   0x00000002   Code   RO         8079    i.mget_ms           invmpuu.o
    0x0801265e   0x0801265e   0x00000002   PAD
    0x08012660   0x08012660   0x00000054   Code   RO         8080    i.mpu_configure_fifo  invmpuu.o
    0x080126b4   0x080126b4   0x00000170   Code   RO         8081    i.mpu_dmp_get_data  invmpuu.o
    0x08012824   0x08012824   0x00000160   Code   RO         8082    i.mpu_dmp_init      invmpuu.o
    0x08012984   0x08012984   0x0000003c   Code   RO         8083    i.mpu_get_accel_fsr  invmpuu.o
    0x080129c0   0x080129c0   0x00000044   Code   RO         8085    i.mpu_get_accel_sens  invmpuu.o
    0x08012a04   0x08012a04   0x00000034   Code   RO         8091    i.mpu_get_gyro_fsr  invmpuu.o
    0x08012a38   0x08012a38   0x0000004c   Code   RO         8093    i.mpu_get_gyro_sens  invmpuu.o
    0x08012a84   0x08012a84   0x00000038   Code   RO         8095    i.mpu_get_lpf       invmpuu.o
    0x08012abc   0x08012abc   0x0000001c   Code   RO         8097    i.mpu_get_sample_rate  invmpuu.o
    0x08012ad8   0x08012ad8   0x000000b4   Code   RO         8099    i.mpu_init          invmpuu.o
    0x08012b8c   0x08012b8c   0x0000009e   Code   RO         8100    i.mpu_load_firmware  invmpuu.o
    0x08012c2a   0x08012c2a   0x00000002   PAD
    0x08012c2c   0x08012c2c   0x000000ac   Code   RO         8101    i.mpu_lp_accel_mode  invmpuu.o
    0x08012cd8   0x08012cd8   0x00000088   Code   RO         8108    i.mpu_read_fifo_stream  invmpuu.o
    0x08012d60   0x08012d60   0x00000050   Code   RO         8109    i.mpu_read_mem      invmpuu.o
    0x08012db0   0x08012db0   0x000000d8   Code   RO         8112    i.mpu_reset_fifo    invmpuu.o
    0x08012e88   0x08012e88   0x00000282   Code   RO         8113    i.mpu_run_6500_self_test  invmpuu.o
    0x0801310a   0x0801310a   0x00000002   PAD
    0x0801310c   0x0801310c   0x00000054   Code   RO         8117    i.mpu_set_accel_fsr  invmpuu.o
    0x08013160   0x08013160   0x000000c4   Code   RO         8118    i.mpu_set_bypass    invmpuu.o
    0x08013224   0x08013224   0x00000040   Code   RO         8119    i.mpu_set_compass_sample_rate  invmpuu.o
    0x08013264   0x08013264   0x00000070   Code   RO         8120    i.mpu_set_dmp_state  invmpuu.o
    0x080132d4   0x080132d4   0x00000058   Code   RO         8122    i.mpu_set_gyro_fsr  invmpuu.o
    0x0801332c   0x0801332c   0x00000048   Code   RO         8123    i.mpu_set_int_latched  invmpuu.o
    0x08013374   0x08013374   0x00000058   Code   RO         8125    i.mpu_set_lpf       invmpuu.o
    0x080133cc   0x080133cc   0x00000088   Code   RO         8126    i.mpu_set_sample_rate  invmpuu.o
    0x08013454   0x08013454   0x000000e4   Code   RO         8127    i.mpu_set_sensors   invmpuu.o
    0x08013538   0x08013538   0x00000050   Code   RO         8128    i.mpu_write_mem     invmpuu.o
    0x08013588   0x08013588   0x00000020   Code   RO         1326    i.printff           usart.o
    0x080135a8   0x080135a8   0x0000008a   Code   RO         8129    i.run_self_test     invmpuu.o
    0x08013632   0x08013632   0x00000002   PAD
    0x08013634   0x08013634   0x00000054   Code   RO         8130    i.set_int_enable    invmpuu.o
    0x08013688   0x08013688   0x000001a0   Code   RO         8131    i.setup_compass     invmpuu.o
    0x08013828   0x08013828   0x0000006e   Code   RO         8974    i.sqrt              m_wm.l(sqrt.o)
    0x08013896   0x08013896   0x0000003e   Code   RO         8986    i.sqrtf             m_wm.l(sqrtf.o)
    0x080138d4   0x080138d4   0x00000030   Code   RO         1327    i.user_usartInit    usart.o
    0x08013904   0x08013904   0x00000040   Data   RO         6405    .constdata          system_stm32l4xx.o
    0x08013944   0x08013944   0x00000008   Data   RO         6406    .constdata          system_stm32l4xx.o
    0x0801394c   0x0801394c   0x00000bf6   Data   RO         6469    .constdata          invmpudmpmotiondriver.o
    0x08014542   0x08014542   0x0000002f   Data   RO         7659    .constdata          mpl.o
    0x08014571   0x08014571   0x0000002a   Data   RO         8132    .constdata          invmpuu.o
    0x0801459b   0x0801459b   0x00000001   PAD
    0x0801459c   0x0801459c   0x0000000e   Data   RO         8133    .constdata          invmpuu.o
    0x080145aa   0x080145aa   0x00000002   PAD
    0x080145ac   0x080145ac   0x00000030   Data   RO         8134    .constdata          invmpuu.o
    0x080145dc   0x080145dc   0x00000200   Data   RO         8135    .constdata          invmpuu.o
    0x080147dc   0x080147dc   0x00000004   PAD
    0x080147e0   0x080147e0   0x00000050   Data   RO         8817    .constdata          m_wm.l(asin.o)
    0x08014830   0x08014830   0x00000098   Data   RO         8843    .constdata          m_wm.l(atan.o)
    0x080148c8   0x080148c8   0x00000038   Data   RO         8923    .constdata          m_wm.l(log.o)
    0x08014900   0x08014900   0x00000030   Data   RO         9315    .constdata          m_wm.l(cos_i.o)
    0x08014930   0x08014930   0x00000008   Data   RO         9351    .constdata          m_wm.l(qnan.o)
    0x08014938   0x08014938   0x000000c8   Data   RO         9354    .constdata          m_wm.l(rred.o)
    0x08014a00   0x08014a00   0x00000020   Data   RO         9358    .constdata          m_wm.l(rredf.o)
    0x08014a20   0x08014a20   0x00000028   Data   RO         9361    .constdata          m_wm.l(sin_i.o)
    0x08014a48   0x08014a48   0x00000081   Data   RO         9386    .constdata          mc_w.l(ctype_o.o)
    0x08014ac9   0x08014ac9   0x00000003   PAD
    0x08014acc   0x08014acc   0x00000004   Data   RO         9387    .constdata          mc_w.l(ctype_o.o)
    0x08014ad0   0x08014ad0   0x00000044   Data   RO         6866    .conststring        databuilder.o
    0x08014b14   0x08014b14   0x00000009   Data   RO         8136    .conststring        invmpuu.o
    0x08014b1d   0x08014b1d   0x00000003   PAD
    0x08014b20   0x08014b20   0x00000020   Data   RO         9450    Region$$Table       anon$$obj.o


    Execution Region RW_IRAM1 (Exec base: 0x20000000, Load base: 0x08014b40, Size: 0x00002608, Max: 0x00018000, ABSOLUTE)

    Exec Addr    Load Addr    Size         Type   Attr      Idx    E Section Name        Object

    0x20000000   0x08014b40   0x00000010   Data   RW           32    .data               ec20.o
    0x20000010   0x08014b50   0x00000004   Data   RW          635    .data               bmp280.o
    0x20000014   0x08014b54   0x0000006c   Data   RW          906    .data               main.o
    0x20000080   0x08014bc0   0x00000002   Data   RW          907    .data               main.o
    0x20000082   0x08014bc2   0x00000002   PAD
    0x20000084   0x08014bc4   0x00000004   Data   RW          908    .data               main.o
    0x20000088   0x08014bc8   0x00000004   Data   RW          911    .data               main.o
    0x2000008c   0x08014bcc   0x00000004   Data   RW          912    .data               main.o
    0x20000090   0x08014bd0   0x00000004   Data   RW          915    .data               main.o
    0x20000094   0x08014bd4   0x00000004   Data   RW          916    .data               main.o
    0x20000098   0x08014bd8   0x00000004   Data   RW          917    .data               main.o
    0x2000009c   0x08014bdc   0x00000004   Data   RW         1844    .data               user.o
    0x200000a0   0x08014be0   0x00000004   Data   RW         2030    .data               delay.o
    0x200000a4   0x08014be4   0x00000004   Data   RW         4519    .data               stm32l4xx_hal.o
    0x200000a8   0x08014be8   0x00000004   Data   RW         6407    .data               system_stm32l4xx.o
    0x200000ac   0x08014bec   0x00000004   Data   RW         7362    .data               messagelayer.o
    0x200000b0   0x08014bf0   0x00000004   Data   RW         8137    .data               invmpuu.o
    0x200000b4   0x08014bf4   0x0000004a   Data   RW         8138    .data               invmpuu.o
    0x200000fe   0x08014c3e   0x00000002   PAD
    0x20000100   0x08014c40   0x00000010   Data   RW         8558    .data               libmpllib.lib(compass_vec_cal.o)
    0x20000110   0x08014c50   0x00000004   Data   RW         9380    .data               mc_w.l(stdout.o)
    0x20000114   0x08014c54   0x00000004   Data   RW         9416    .data               mc_w.l(errno.o)
    0x20000118        -       0x000002d5   Zero   RW           27    .bss                ec20.o
    0x200003ed   0x08014c58   0x00000003   PAD
    0x200003f0        -       0x0000002c   Zero   RW          793    .bss                bmp280_arm.o
    0x2000041c   0x08014c58   0x00000004   PAD
    0x20000420        -       0x00000398   Zero   RW          885    .bss                main.o
    0x200007b8        -       0x0000000a   Zero   RW          886    .bss                main.o
    0x200007c2   0x08014c58   0x00000002   PAD
    0x200007c4        -       0x00000048   Zero   RW          889    .bss                main.o
    0x2000080c        -       0x00000010   Zero   RW          891    .bss                main.o
    0x2000081c        -       0x000000c8   Zero   RW          892    .bss                main.o
    0x200008e4        -       0x000000c8   Zero   RW          893    .bss                main.o
    0x200009ac        -       0x00000014   Zero   RW          897    .bss                main.o
    0x200009c0        -       0x00000014   Zero   RW          898    .bss                main.o
    0x200009d4        -       0x00000014   Zero   RW          899    .bss                main.o
    0x200009e8        -       0x00000014   Zero   RW          900    .bss                main.o
    0x200009fc        -       0x00000064   Zero   RW          901    .bss                main.o
    0x20000a60        -       0x00000064   Zero   RW          902    .bss                main.o
    0x20000ac4        -       0x00000064   Zero   RW          903    .bss                main.o
    0x20000b28        -       0x00000068   Zero   RW         1892    .bss                adc.o
    0x20000b90        -       0x00000010   Zero   RW         6468    .bss                invmpudmpmotiondriver.o
    0x20000ba0        -       0x00000030   Zero   RW         6701    .bss                emploutputs.o
    0x20000bd0        -       0x00000310   Zero   RW         6865    .bss                databuilder.o
    0x20000ee0        -       0x000000d0   Zero   RW         7266    .bss                haloutputs.o
    0x20000fb0        -       0x00000090   Zero   RW         7803    .bss                resultsholder.o
    0x20001040        -       0x00000054   Zero   RW         8004    .bss                startmanager.o
    0x20001094        -       0x00000198   Zero   RW         8037    .bss                storagemanager.o
    0x2000122c   0x08014c58   0x00000004   PAD
    0x20001230        -       0x00000460   Zero   RW         8557    .bss                libmpllib.lib(compass_vec_cal.o)
    0x20001690        -       0x000002a0   Zero   RW         8647    .bss                libmpllib.lib(fast_no_motion.o)
    0x20001930        -       0x00000138   Zero   RW         8680    .bss                libmpllib.lib(fusion_9axis.o)
    0x20001a68        -       0x000001c4   Zero   RW         8702    .bss                libmpllib.lib(gyro_tc.o)
    0x20001c2c        -       0x000000b8   Zero   RW         8720    .bss                libmpllib.lib(mag_disturb.o)
    0x20001ce4        -       0x0000006c   Zero   RW         8742    .bss                libmpllib.lib(quaternion_supervisor.o)
    0x20001d50        -       0x000004b8   Zero   RW         8760    .bss                libmpllib.lib(accel_auto_cal.o)
    0x20002208        -       0x00000400   Zero   RW            1    STACK               startup_stm32l476xx.o


==============================================================================

Image component sizes


      Code (inc. data)   RO Data    RW Data    ZI Data      Debug   Object Name

       508        170          0          0        104       2633   adc.o
      1370         68          0          4          0      20107   bmp280.o
      1680        396          0          0         44       8197   bmp280_arm.o
      1366        196         68          0        784      24639   databuilder.o
        78          4          0          4          0       1534   delay.o
      7554       2208          0         16        725     858492   ec20.o
       216         16          0          0         48       9075   emploutputs.o
       100          8          0          0        208       3453   haloutputs.o
      2436        140       3062          0         16      21337   invmpudmpmotiondriver.o
      8126       1570        625         78          0      38057   invmpuu.o
       152         10          0          0          0       6246   logstm32.o
      2100        336          0        134       1798      99655   main.o
        20          4          0          4          0       1314   messagelayer.o
      1566         22          0          0          0      14324   mlmathfunc.o
       342         54          0          0          0       3953   mmpu9250.o
       696        220          0          0          0     868257   mp9250.o
       236         86         47          0          0       5492   mpl.o
       764         30          0          0          0       5808   myiic.o
       740        114          0          0        144      16953   resultsholder.o
       168         20          0          0         84       3644   startmanager.o
        36          8        392          0       1024        880   startup_stm32l476xx.o
       102         12          0          4          0       3993   stm32l4xx_hal.o
      2540        130          0          0          0      68802   stm32l4xx_hal_adc.o
       248         14          0          0          0      59387   stm32l4xx_hal_adc_ex.o
       218         14          0          0          0      31465   stm32l4xx_hal_cortex.o
       116          4          0          0          0       1279   stm32l4xx_hal_crc.o
        74          0          0          0          0       1335   stm32l4xx_hal_crc_ex.o
       192         14          0          0          0       1263   stm32l4xx_hal_dma.o
       478         38          0          0          0       3427   stm32l4xx_hal_gpio.o
       792        120          0          0          0       4422   stm32l4xx_hal_msp.o
       132         24          0          0          0       2087   stm32l4xx_hal_pwr_ex.o
       248         10          0          0          0       2914   stm32l4xx_hal_qspi.o
      1900         94          0          0          0       7652   stm32l4xx_hal_rcc.o
      1506         44          0          0          0       4292   stm32l4xx_hal_rcc_ex.o
      1990          0          0          0          0       9542   stm32l4xx_hal_spi.o
      1346         70          0          0          0       6817   stm32l4xx_hal_uart.o
       110         24          0          0          0      23553   stm32l4xx_it.o
       312          0          0          0          0       7539   stm32l4xx_ll_gpio.o
       776        122          0          0          0      35921   stm32l4xx_ll_rcc.o
       208         26          0          0          0      20908   stm32l4xx_ll_usart.o
        68          6          0          0          0       7433   stm32l4xx_ll_utils.o
       132         10          0          0        408       2685   storagemanager.o
        68         12         72          4          0       1401   system_stm32l4xx.o
       320         30          0          0          0      27389   usart.o
       352        154          0          4          0       2670   user.o

    ----------------------------------------------------------------------
     44542       6652       4308        256       5400    2352226   Object Totals
         0          0         32          0          0          0   (incl. Generated)
        60          0         10          4         13          0   (incl. Padding)

    ----------------------------------------------------------------------

      Code (inc. data)   RO Data    RW Data    ZI Data      Debug   Library Member Name

      3146        190          0          0       1208       9672   accel_auto_cal.o
      9498        298          0         16       1120      19892   compass_vec_cal.o
      2628         42          0          0        672      13744   fast_no_motion.o
      1718         72          0          0        312       5636   fusion_9axis.o
      1226         32          0          0        452       5735   gyro_tc.o
      1472         48          0          0        184       7614   mag_disturb.o
      2452        130          0          0        108       5637   quaternion_supervisor.o
       280         46          0          0          0        176   acosf.o
       900         94         80          0          0        280   asin.o
       744        106        152          0          0        352   atan.o
       496         64          0          0          0        192   atan2.o
       592         90          0          0          0        184   atan2f.o
       200         20          0          0          0        164   cos.o
       368         46         48          0          0        200   cos_i.o
       336         56          0          0          0        136   cosf.o
       152         36          0          0          0        620   dunder.o
        44          0          0          0          0        248   fabs.o
        48          0          0          0          0        124   fpclassify.o
        38          0          0          0          0        116   fpclassifyf.o
        44         12          0          0          0        464   funder.o
      1000         92         56          0          0        316   log.o
       248          0          0          0          0        152   poly.o
         0          0          8          0          0          0   qnan.o
      1086        142        200          0          0        188   rred.o
       340         24         32          0          0        160   rredf.o
       328         24         40          0          0        208   sin_i.o
       400         56          0          0          0        212   sinf.o
       232          0          0          0          0        296   sqrt.o
       120          0          0          0          0        272   sqrtf.o
        28          0          0          0          0         68   _chval.o
       164          0          0          0          0         92   _strtoul.o
         8          4        133          0          0         68   ctype_o.o
         0          0          0          0          0          0   entry.o
         0          0          0          0          0          0   entry10a.o
         0          0          0          0          0          0   entry11a.o
         8          4          0          0          0          0   entry2.o
         4          0          0          0          0          0   entry5.o
         0          0          0          0          0          0   entry7b.o
         0          0          0          0          0          0   entry8b.o
         8          4          0          0          0          0   entry9a.o
        20         10          0          4          0        136   errno.o
        30          0          0          0          0          0   handlers.o
        36          8          0          0          0         68   init.o
         0          0          0          0          0          0   iusefp.o
        98          0          0          0          0         84   ldiv.o
        30          0          0          0          0         68   llshl.o
        36          0          0          0          0         68   llsshr.o
        32          0          0          0          0         68   llushr.o
        26          0          0          0          0         80   memcmp.o
        64          0          0          0          0         76   memmovea.o
        36          0          0          0          0        108   memseta.o
      2356        102          0          0          0        684   printfa.o
         0          0          0          4          0          0   stdout.o
        14          0          0          0          0         68   strlen.o
        36          0          0          0          0         80   strstr.o
       112          0          0          0          0         88   strtol.o
        44          0          0          0          0         80   uidiv.o
       104          0          0          0          0         92   uldiv.o
        48          0          0          0          0         68   cdcmple.o
        48          0          0          0          0         68   cdrcmple.o
        56          0          0          0          0         88   d2f.o
       350          0          0          0          0        148   dadd.o
       222          0          0          0          0        100   ddiv.o
       186          0          0          0          0        176   depilogue.o
        62          0          0          0          0         80   dfixi.o
        48          0          0          0          0         68   dfixul.o
        34          0          0          0          0         76   dflti.o
        26          0          0          0          0         76   dfltui.o
       234          0          0          0          0         96   dmul.o
       162          0          0          0          0        100   dsqrt.o
        38          0          0          0          0         68   f2d.o
       110          0          0          0          0        168   fepilogue.o
        66          0          0          0          0         76   ffixl.o
        44          0          0          0          0         92   ffltl.o

    ----------------------------------------------------------------------
     35198       1852        752         24       4056      76614   Library Totals
        34          0          3          0          0          0   (incl. Padding)

    ----------------------------------------------------------------------

      Code (inc. data)   RO Data    RW Data    ZI Data      Debug   Library Name

     22140        812          0         16       4056      67930   libmpllib.lib
      7996        908        616          0          0       5060   m_wm.l
      3294        132        133          8          0       2076   mc_w.l
      1734          0          0          0          0       1548   mf_w.l

    ----------------------------------------------------------------------
     35198       1852        752         24       4056      76614   Library Totals

    ----------------------------------------------------------------------

==============================================================================


      Code (inc. data)   RO Data    RW Data    ZI Data      Debug   

     79740       8504       5060        280       9456    2391468   Grand Totals
     79740       8504       5060        280       9456    2391468   ELF Image Totals
     79740       8504       5060        280          0          0   ROM Totals

==============================================================================

    Total RO  Size (Code + RO Data)                84800 (  82.81kB)
    Total RW  Size (RW Data + ZI Data)              9736 (   9.51kB)
    Total ROM Size (Code + RO Data + RW Data)      85080 (  83.09kB)

==============================================================================

